<html>
<body>
<pre>
<h1>µVision Build Log</h1>
<h2>Tool Versions:</h2>
IDE-Version: ¦ÌVision V5.15
Copyright (C) 2015 ARM Ltd and ARM Germany GmbH. All rights reserved.
License Information: z zr, LL, LIC=2TTFW-QI75L-15UTV-PZWTI-PZ1PA-VQWD6
 
Tool Versions:
Toolchain:       MDK-ARM Professional  Version: 5.15.0
Toolchain Path:  e:\Keil_v5\ARM\ARMCC\Bin
C Compiler:      Armcc.exe V5.05 update 2 (build 169)
Assembler:       Armasm.exe V5.05 update 2 (build 169)
Linker/Locator:  ArmLink.exe V5.05 update 2 (build 169)
Library Manager: ArmAr.exe V5.05 update 2 (build 169)
Hex Converter:   FromElf.exe V5.05 update 2 (build 169)
CPU DLL:         SARMCM3.DLL V5.15.0
Dialog DLL:      DARMSTM.DLL V1.65.0.0
Target DLL:      STLink\ST-LINKIII-KEIL_SWO.dll V2.0.15.0_KEIL
Dialog DLL:      TARMSTM.DLL V1.64.0.0
 
<h2>Project:</h2>
F:\×ÀÅÆÏµÍ³\´úÂë\SimpliciTI_SmartPowerBank\SimpliciTI-master\Projects\Examples\STM32\Cascading_End_Devices\MDK-ARM\Cascading_End_Devices.uvproj
Project File Date:  08/09/2016

<h2>Output:</h2>
*** Using Compiler 'V5.05 update 2 (build 169)', folder: 'e:\Keil_v5\ARM\ARMCC\Bin'
Build target 'CC1101-End Device'
compiling main_manyEDs_autoack.c...
linking...
Program Size: Code=13380 RO-data=684 RW-data=136 ZI-data=1272  
FromELF: creating hex file...
".\CC1101-End Device\end_device.axf" - 0 Error(s), 0 Warning(s).
</pre>
</body>
</html>
