<html>
<body>
<pre>
<h1>礦ision Build Log</h1>
<h2>Tool Versions:</h2>
IDE-Version: μVision V5.15
Copyright (C) 2015 ARM Ltd and ARM Germany GmbH. All rights reserved.
License Information: z zr, LL, LIC=2TTFW-QI75L-15UTV-PZWTI-PZ1PA-VQWD6
 
Tool Versions:
Toolchain:       MDK-ARM Professional  Version: 5.15.0
Toolchain Path:  e:\Keil_v5\ARM\ARMCC\Bin
C Compiler:      Armcc.exe V5.05 update 2 (build 169)
Assembler:       Armasm.exe V5.05 update 2 (build 169)
Linker/Locator:  ArmLink.exe V5.05 update 2 (build 169)
Library Manager: ArmAr.exe V5.05 update 2 (build 169)
Hex Converter:   FromElf.exe V5.05 update 2 (build 169)
CPU DLL:         SARMCM3.DLL V5.15.0
Dialog DLL:      DCM.DLL V1.13.2.0
Target DLL:      Segger\JL2CM3.dll V2.97.0.0
Dialog DLL:      TCM.DLL V1.14.5.0
 
<h2>Project:</h2>
F:\桌牌系统\代码\SimpliciTI_SmartPowerBank\SimpliciTI+AP+GPRS\Projects\Examples\STM32\AP_as_Data_Hub\MDK-ARM\Ap_as_Data_Hub.uvproj
Project File Date:  08/15/2016

<h2>Output:</h2>
*** Using Compiler 'V5.05 update 2 (build 169)', folder: 'e:\Keil_v5\ARM\ARMCC\Bin'
Build target 'CC110L-Access Point'
Clean started - Project: 'Ap_as_Data_Hub'
   deleting intermediate output files for target 'CC110L-Access Point'
compiling main_AP_Async_Listen_autoack.c...
..\..\..\Applications\main_AP_Async_Listen_autoack.c(185): warning:  #177-D: variable "wlen" was declared but never referenced
        u16 wlen;
..\..\..\Applications\main_AP_Async_Listen_autoack.c(186): warning:  #177-D: variable "dwGprsStatus_m" was declared but never referenced
        static  uint32_t dwGprsStatus_m = 0;
..\..\..\Applications\main_AP_Async_Listen_autoack.c(329): warning:  #177-D: function "processMessage" was declared but never referenced
  static void processMessage(linkID_t lid, uint8_t *msg, uint8_t len)
..\..\..\Applications\main_AP_Async_Listen_autoack.c(364): warning:  #177-D: function "checkChangeChannel" was declared but never referenced
  static void  checkChangeChannel(void)
..\..\..\Applications\main_AP_Async_Listen_autoack.c(344): warning:  #177-D: function "changeChannel" was declared but never referenced
  static void changeChannel(void)
..\..\..\Applications\main_AP_Async_Listen_autoack.c: 5 warnings, 0 errors
compiling ap_main.c...
..\ap_main.c(50): warning:  #1-D: last line of file ends without a newline
  }
..\ap_main.c: 1 warning, 0 errors
compiling bsp.c...
compiling delay.c...
compiling mrfi.c...
..\..\..\..\..\Components\mrfi\radios/family1/mrfi_radio.c(729): warning:  #177-D: variable "i" was declared but never referenced
        uint8_t ccaRetries,i;
..\..\..\..\..\Components\mrfi\radios/family1/mrfi_radio.c(2216): warning:  #177-D: variable "s" was declared but never referenced
        bspIState_t s;
..\..\..\..\..\Components\mrfi\radios/family1/mrfi_spi.c(217): warning:  #177-D: variable "s" was declared but never referenced
        mrfiSpiIState_t s;
..\..\..\..\..\Components\mrfi\radios/family1/mrfi_spi.c(332): warning:  #177-D: variable "s" was declared but never referenced
        mrfiSpiIState_t s;
..\..\..\..\..\Components\mrfi\radios/family1/mrfi_spi.c(456): warning:  #177-D: variable "s" was declared but never referenced
        mrfiSpiIState_t s;
..\..\..\..\..\Components\mrfi\mrfi.c: 5 warnings, 0 errors
compiling nwk.c...
compiling nwk_api.c...
compiling nwk_frame.c...
..\..\..\..\..\Components\simpliciti\nwk\nwk_frame.c(431): warning:  #177-D: variable "i" was declared but never referenced
        uint16_t i,j;
..\..\..\..\..\Components\simpliciti\nwk\nwk_frame.c(431): warning:  #177-D: variable "j" was declared but never referenced
        uint16_t i,j;
..\..\..\..\..\Components\simpliciti\nwk\nwk_frame.c: 2 warnings, 0 errors
compiling nwk_globals.c...
compiling nwk_QMgmt.c...
compiling nwk_freq.c...
compiling nwk_ioctl.c...
compiling nwk_join.c...
compiling nwk_link.c...
compiling nwk_mgmt.c...
compiling nwk_ping.c...
compiling nwk_pll.c...
compiling nwk_security.c...
compiling system_stm32f10x.c...
assembling startup_stm32f10x_xl.s...
compiling misc.c...
compiling stm32f10x_dbgmcu.c...
compiling stm32f10x_exti.c...
compiling stm32f10x_gpio.c...
compiling stm32f10x_rcc.c...
compiling stm32f10x_spi.c...
compiling stm32f10x_usart.c...
compiling stm32f10x_crc.c...
compiling stm32f10x_tim.c...
compiling stm32f10x_flash.c...
compiling stm32f10x_dma.c...
compiling SIM900A_GPRS.C...
..\..\..\..\..\Components\drivers\SIM900A_GPRS.C(1134): warning:  #223-D: function "TIM4_Init" declared implicitly
        TIM4_Init(30);    // ???诖??卸? 定时
..\..\..\..\..\Components\drivers\SIM900A_GPRS.C(1135): warning:  #223-D: function "TIM4_Set" declared implicitly
        TIM4_Set(0);
..\..\..\..\..\Components\drivers\SIM900A_GPRS.C: 2 warnings, 0 errors
compiling gprs_main.c...
compiling msg.c...
compiling gprs_serial.c...
..\..\..\..\..\Components\drivers\gprs_serial.c(72): warning:  #550-D: variable "temp" was set but never used
        uint8_t temp;
..\..\..\..\..\Components\drivers\gprs_serial.c(244): warning:  #1-D: last line of file ends without a newline
  }
..\..\..\..\..\Components\drivers\gprs_serial.c: 2 warnings, 0 errors
compiling CommonUse.c...
compiling encryption.c...
compiling Savepartoflash.c...
linking...
Program Size: Code=23220 RO-data=1212 RW-data=280 ZI-data=3432  
".\CC110L-Access Point\CC1101-AP.axf" - 0 Error(s), 17 Warning(s).

*** Performing Cross-Module-Optimization:
compiling bsp.c...
compiling delay.c...
compiling mrfi.c...
..\..\..\..\..\Components\mrfi\radios/family1/mrfi_radio.c(729): warning:  #177-D: variable "i" was declared but never referenced
        uint8_t ccaRetries,i;
..\..\..\..\..\Components\mrfi\radios/family1/mrfi_radio.c(2216): warning:  #177-D: variable "s" was declared but never referenced
        bspIState_t s;
..\..\..\..\..\Components\mrfi\radios/family1/mrfi_spi.c(217): warning:  #177-D: variable "s" was declared but never referenced
        mrfiSpiIState_t s;
..\..\..\..\..\Components\mrfi\radios/family1/mrfi_spi.c(332): warning:  #177-D: variable "s" was declared but never referenced
        mrfiSpiIState_t s;
..\..\..\..\..\Components\mrfi\radios/family1/mrfi_spi.c(456): warning:  #177-D: variable "s" was declared but never referenced
        mrfiSpiIState_t s;
..\..\..\..\..\Components\mrfi\mrfi.c: 5 warnings, 0 errors
compiling nwk.c...
compiling nwk_api.c...
compiling nwk_globals.c...
compiling nwk_link.c...
compiling nwk_ping.c...
compiling nwk_pll.c...
compiling system_stm32f10x.c...
compiling misc.c...
compiling stm32f10x_dbgmcu.c...
compiling stm32f10x_exti.c...
compiling stm32f10x_gpio.c...
compiling stm32f10x_rcc.c...
compiling stm32f10x_spi.c...
compiling stm32f10x_usart.c...
compiling stm32f10x_crc.c...
compiling stm32f10x_tim.c...
compiling stm32f10x_flash.c...
compiling stm32f10x_dma.c...
compiling SIM900A_GPRS.C...
..\..\..\..\..\Components\drivers\SIM900A_GPRS.C(1134): warning:  #223-D: function "TIM4_Init" declared implicitly
        TIM4_Init(30);    // ???诖??卸? 定时
..\..\..\..\..\Components\drivers\SIM900A_GPRS.C(1135): warning:  #223-D: function "TIM4_Set" declared implicitly
        TIM4_Set(0);
..\..\..\..\..\Components\drivers\SIM900A_GPRS.C: 2 warnings, 0 errors
compiling msg.c...
compiling gprs_serial.c...
..\..\..\..\..\Components\drivers\gprs_serial.c(72): warning:  #550-D: variable "temp" was set but never used
        uint8_t temp;
..\..\..\..\..\Components\drivers\gprs_serial.c(244): warning:  #1-D: last line of file ends without a newline
  }
..\..\..\..\..\Components\drivers\gprs_serial.c: 2 warnings, 0 errors
compiling CommonUse.c...
compiling Savepartoflash.c...
linking...
Program Size: Code=23220 RO-data=1212 RW-data=280 ZI-data=3432  
".\CC110L-Access Point\CC1101-AP.axf" - 0 Error(s), 9 Warning(s).
*** Completed Cross-Module-Optimization after 2 iteration(s).
</pre>
</body>
</html>
