Component: ARM Compiler 5.05 update 2 (build 169) Tool: armlink [4d0f33]

==============================================================================

Section Cross References

    main_ap_async_listen_autoack.o(i.mrfi_loop) refers to bsp.o(i.PDInit_GetSysTick) for PDInit_GetSysTick
    main_ap_async_listen_autoack.o(i.mrfi_loop) refers to nwk_api.o(i.SMPL_LinkListen) for SMPL_LinkListen
    main_ap_async_listen_autoack.o(i.mrfi_loop) refers to nwk_api.o(i.SMPL_Receive) for SMPL_Receive
    main_ap_async_listen_autoack.o(i.mrfi_loop) refers to nwk.o(i.nwk_getConnInfo) for nwk_getConnInfo
    main_ap_async_listen_autoack.o(i.mrfi_loop) refers to memmovea.o(.text) for __aeabi_memcpy
    main_ap_async_listen_autoack.o(i.mrfi_loop) refers to msg.o(i.MsgPackage) for MsgPackage
    main_ap_async_listen_autoack.o(i.mrfi_loop) refers to nwk_api.o(i.SMPL_SendOpt) for SMPL_SendOpt
    main_ap_async_listen_autoack.o(i.mrfi_loop) refers to main_ap_async_listen_autoack.o(i.toggleLED) for toggleLED
    main_ap_async_listen_autoack.o(i.mrfi_loop) refers to main_ap_async_listen_autoack.o(.data) for MrfiTicks
    main_ap_async_listen_autoack.o(i.mrfi_loop) refers to main_ap_async_listen_autoack.o(.bss) for tRespMsg
    main_ap_async_listen_autoack.o(i.mrif_config) refers to mrfi.o(i.createRandomAddress) for createRandomAddress
    main_ap_async_listen_autoack.o(i.mrif_config) refers to nwk_api.o(i.SMPL_Ioctl) for SMPL_Ioctl
    main_ap_async_listen_autoack.o(i.mrif_config) refers to nwk_api.o(i.SMPL_Init) for SMPL_Init
    main_ap_async_listen_autoack.o(i.mrif_config) refers to main_ap_async_listen_autoack.o(i.toggleLED) for toggleLED
    main_ap_async_listen_autoack.o(i.mrif_config) refers to main_ap_async_listen_autoack.o(i.sCB) for sCB
    main_ap_async_listen_autoack.o(i.processMessage) refers to bsp.o(i.__bsp_debug_msg) for __bsp_debug_msg
    main_ap_async_listen_autoack.o(i.processMessage) refers to bsp.o(i.__bsp_debug_dec) for __bsp_debug_dec
    main_ap_async_listen_autoack.o(i.processMessage) refers to bsp.o(i.__bsp_debug_msg_ln) for __bsp_debug_msg_ln
    main_ap_async_listen_autoack.o(i.processMessage) refers to main_ap_async_listen_autoack.o(i.toggleLED) for toggleLED
    main_ap_async_listen_autoack.o(i.sCB) refers to main_ap_async_listen_autoack.o(.data) for sPeerFrameSem
    ap_main.o(i.ProMsg) refers to sim900a_gprs.o(i.Gprs_GetConnectStatus) for Gprs_GetConnectStatus
    ap_main.o(i.ProMsg) refers to sim900a_gprs.o(i.Gprs_Write) for Gprs_Write
    ap_main.o(i.ProMsg) refers to ap_main.o(.bss) for gMsgPro
    ap_main.o(i.main) refers to bsp.o(i.BSP_Init) for BSP_Init
    ap_main.o(i.main) refers to sim900a_gprs.o(i.Gprs_Init) for Gprs_Init
    ap_main.o(i.main) refers to main_ap_async_listen_autoack.o(i.mrif_config) for mrif_config
    ap_main.o(i.main) refers to main_ap_async_listen_autoack.o(i.mrfi_loop) for mrfi_loop
    ap_main.o(i.main) refers to gprs_main.o(i.vGprsConnectTask) for vGprsConnectTask
    ap_main.o(i.main) refers to ap_main.o(i.ProMsg) for ProMsg
    bsp.o(i.BSP_Delay) refers to bsp.o(.data) for sIterationsPerUsec
    bsp.o(i.BSP_INIT_SYS_TICKS) refers to misc.o(i.NVIC_Init) for NVIC_Init
    bsp.o(i.BSP_INIT_SYS_TICKS) refers to stm32f10x_rcc.o(i.RCC_APB1PeriphClockCmd) for RCC_APB1PeriphClockCmd
    bsp.o(i.BSP_INIT_SYS_TICKS) refers to stm32f10x_tim.o(i.TIM_DeInit) for TIM_DeInit
    bsp.o(i.BSP_INIT_SYS_TICKS) refers to stm32f10x_tim.o(i.TIM_InternalClockConfig) for TIM_InternalClockConfig
    bsp.o(i.BSP_INIT_SYS_TICKS) refers to stm32f10x_tim.o(i.TIM_TimeBaseInit) for TIM_TimeBaseInit
    bsp.o(i.BSP_INIT_SYS_TICKS) refers to stm32f10x_tim.o(i.TIM_ClearITPendingBit) for TIM_ClearITPendingBit
    bsp.o(i.BSP_INIT_SYS_TICKS) refers to stm32f10x_tim.o(i.TIM_ITConfig) for TIM_ITConfig
    bsp.o(i.BSP_INIT_SYS_TICKS) refers to stm32f10x_tim.o(i.TIM_Cmd) for TIM_Cmd
    bsp.o(i.BSP_Init) refers to bsp.o(i.RCC_Configuration) for RCC_Configuration
    bsp.o(i.BSP_Init) refers to bsp.o(i.BSP_InitBoard) for BSP_InitBoard
    bsp.o(i.BSP_Init) refers to bsp.o(i.BSP_InitDrivers) for BSP_InitDrivers
    bsp.o(i.BSP_Init) refers to delay.o(i.Sys_delay_init) for Sys_delay_init
    bsp.o(i.BSP_Init) refers to bsp.o(i.BSP_INIT_SYS_TICKS) for BSP_INIT_SYS_TICKS
    bsp.o(i.BSP_Init) refers to bsp.o(i.__bsp_ASSERT) for __bsp_ASSERT
    bsp.o(i.BSP_Init) refers to bsp.o(.constdata) for __func__
    bsp.o(i.BSP_InitBoard) refers to stm32f10x_dbgmcu.o(i.DBGMCU_Config) for DBGMCU_Config
    bsp.o(i.BSP_InitBoard) refers to stm32f10x_rcc.o(i.RCC_APB2PeriphClockCmd) for RCC_APB2PeriphClockCmd
    bsp.o(i.BSP_InitBoard) refers to bsp.o(i.BSP_InitUSART) for BSP_InitUSART
    bsp.o(i.BSP_InitBoard) refers to bsp.o(.data) for sIterationsPerUsec
    bsp.o(i.BSP_InitButtons) refers to bsp.o(i.gpioPinConfig) for gpioPinConfig
    bsp.o(i.BSP_InitDrivers) refers to bsp.o(i.BSP_InitLeds) for BSP_InitLeds
    bsp.o(i.BSP_InitDrivers) refers to bsp.o(i.BSP_InitButtons) for BSP_InitButtons
[...]
    i.mrfi_loop                              0x08004238   Section        0  main_ap_async_listen_autoack.o(i.mrfi_loop)
    i.mrif_config                            0x0800438c   Section        0  main_ap_async_listen_autoack.o(i.mrif_config)
    i.nwk_NVObj                              0x080043d0   Section        0  nwk.o(i.nwk_NVObj)
    i.nwk_QInit                              0x080043d8   Section        0  nwk_qmgmt.o(i.nwk_QInit)
    i.nwk_QadjustOrder                       0x080043f8   Section        0  nwk_qmgmt.o(i.nwk_QadjustOrder)
    i.nwk_QfindOldest                        0x08004448   Section        0  nwk_qmgmt.o(i.nwk_QfindOldest)
    i.nwk_QfindSlot                          0x0800459c   Section        0  nwk_qmgmt.o(i.nwk_QfindSlot)
    i.nwk_SendEmptyPollRspFrame              0x08004638   Section        0  nwk_frame.o(i.nwk_SendEmptyPollRspFrame)
    i.nwk_allocateLocalRxPort                0x08004718   Section        0  nwk.o(i.nwk_allocateLocalRxPort)
    i.nwk_buildAckReqFrame                   0x08004800   Section        0  nwk_frame.o(i.nwk_buildAckReqFrame)
    i.nwk_buildFrame                         0x0800483c   Section        0  nwk_frame.o(i.nwk_buildFrame)
    i.nwk_checkAppMsgTID                     0x08004904   Section        0  nwk.o(i.nwk_checkAppMsgTID)
    i.nwk_checkConnInfo                      0x08004928   Section        0  nwk.o(i.nwk_checkConnInfo)
    i.nwk_connectionControl                  0x0800494a   Section        0  nwk_ioctl.o(i.nwk_connectionControl)
    i.nwk_deviceAddress                      0x0800497a   Section        0  nwk_ioctl.o(i.nwk_deviceAddress)
    i.nwk_findAlreadyJoined                  0x080049a4   Section        0  nwk.o(i.nwk_findAlreadyJoined)
    i.nwk_findPeer                           0x080049dc   Section        0  nwk.o(i.nwk_findPeer)
    i.nwk_frameInit                          0x08004a1c   Section        0  nwk_frame.o(i.nwk_frameInit)
    i.nwk_freeConnection                     0x08004a5c   Section        0  nwk.o(i.nwk_freeConnection)
    i.nwk_freqInit                           0x08004a62   Section        0  nwk_freq.o(i.nwk_freqInit)
    i.nwk_getBCastAddress                    0x08004a64   Section        0  nwk_globals.o(i.nwk_getBCastAddress)
    i.nwk_getConnInfo                        0x08004a6c   Section        0  nwk.o(i.nwk_getConnInfo)
    i.nwk_getFWVersion                       0x08004aa8   Section        0  nwk_globals.o(i.nwk_getFWVersion)
    i.nwk_getJoinToken                       0x08004ab0   Section        0  nwk_join.o(i.nwk_getJoinToken)
    i.nwk_getLinkToken                       0x08004ac0   Section        0  nwk_link.o(i.nwk_getLinkToken)
    i.nwk_getLocalLinkID                     0x08004ad0   Section        0  nwk_link.o(i.nwk_getLocalLinkID)
    i.nwk_getMyAddress                       0x08004b34   Section        0  nwk_globals.o(i.nwk_getMyAddress)
    i.nwk_getMyRxType                        0x08004b50   Section        0  nwk_frame.o(i.nwk_getMyRxType)
    i.nwk_getNextConnection                  0x08004b5c   Section        0  nwk.o(i.nwk_getNextConnection)
    i.nwk_getNumObjectFromMsg                0x08004ba4   Section        0  nwk.o(i.nwk_getNumObjectFromMsg)
    i.nwk_getProtocolVersion                 0x08004bd0   Section        0  nwk_globals.o(i.nwk_getProtocolVersion)
    i.nwk_getQ                               0x08004bdc   Section        0  nwk_qmgmt.o(i.nwk_getQ)
    i.nwk_getSFInfoPtr                       0x08004bf4   Section        0  nwk.o(i.nwk_getSFInfoPtr)
    i.nwk_getSandFFrame                      0x08004bfc   Section        0  nwk_frame.o(i.nwk_getSandFFrame)
    i.nwk_globalsInit                        0x08004c6c   Section        0  nwk_globals.o(i.nwk_globalsInit)
    i.nwk_isConnectionValid                  0x08004c98   Section        0  nwk.o(i.nwk_isConnectionValid)
    i.nwk_isLinkDuplicate                    0x08004d24   Section        0  nwk.o(i.nwk_isLinkDuplicate)
    i.nwk_isSandFClient                      0x08004d64   Section        0  nwk_join.o(i.nwk_isSandFClient)
    i.nwk_isValidReply                       0x08004da4   Section        0  nwk.o(i.nwk_isValidReply)
    i.nwk_join                               0x08004dec   Section        0  nwk_join.o(i.nwk_join)
    i.nwk_joinContext                        0x08004df0   Section        0  nwk_ioctl.o(i.nwk_joinContext)
    i.nwk_joinInit                           0x08004e08   Section        0  nwk_join.o(i.nwk_joinInit)
    i.nwk_linkInit                           0x08004e58   Section        0  nwk_link.o(i.nwk_linkInit)
    i.nwk_mgmtInit                           0x08004e90   Section        0  nwk_mgmt.o(i.nwk_mgmtInit)
    i.nwk_nwkInit                            0x08004eac   Section        0  nwk.o(i.nwk_nwkInit)
    i.nwk_pingInit                           0x08004f34   Section        0  nwk_ping.o(i.nwk_pingInit)
    i.nwk_processFreq                        0x08004f44   Section        0  nwk_freq.o(i.nwk_processFreq)
    i.nwk_processJoin                        0x08004f4c   Section        0  nwk_join.o(i.nwk_processJoin)
    i.nwk_processLink                        0x08004f90   Section        0  nwk_link.o(i.nwk_processLink)
    i.nwk_processMgmt                        0x08004fc8   Section        0  nwk_mgmt.o(i.nwk_processMgmt)
    i.nwk_processPing                        0x08005018   Section        0  nwk_ping.o(i.nwk_processPing)
    i.nwk_processSecurity                    0x08005050   Section        0  nwk_security.o(i.nwk_processSecurity)
    i.nwk_putNumObjectIntoMsg                0x08005056   Section        0  nwk.o(i.nwk_putNumObjectIntoMsg)
    i.nwk_radioControl                       0x08005096   Section        0  nwk_ioctl.o(i.nwk_radioControl)
    i.nwk_rawReceive                         0x08005132   Section        0  nwk_ioctl.o(i.nwk_rawReceive)
    i.nwk_rawSend                            0x08005156   Section        0  nwk_ioctl.o(i.nwk_rawSend)
    i.nwk_replayFrame                        0x0800519e   Section        0  nwk_frame.o(i.nwk_replayFrame)
    i.nwk_resetSFMarker                      0x080051d8   Section        0  nwk_mgmt.o(i.nwk_resetSFMarker)
    i.nwk_retrieveFrame                      0x080051e4   Section        0  nwk_frame.o(i.nwk_retrieveFrame)
    i.nwk_saveJoinedDevice                   0x08005280   Section        0  nwk.o(i.nwk_saveJoinedDevice)
    i.nwk_securityInit                       0x080052d4   Section        0  nwk_security.o(i.nwk_securityInit)
    i.nwk_sendAckReply                       0x080052d8   Section        0  nwk_frame.o(i.nwk_sendAckReply)
    i.nwk_sendFrame                          0x080053b4   Section        0  nwk_frame.o(i.nwk_sendFrame)
    i.nwk_setJoinContext                     0x080053e8   Section        0  nwk_join.o(i.nwk_setJoinContext)
    i.nwk_setJoinToken                       0x080053fc   Section        0  nwk_join.o(i.nwk_setJoinToken)
    i.nwk_setLinkToken                       0x08005408   Section        0  nwk_link.o(i.nwk_setLinkToken)
    i.nwk_setListenContext                   0x08005414   Section        0  nwk_link.o(i.nwk_setListenContext)
    i.nwk_setMyAddress                       0x08005428   Section        0  nwk_globals.o(i.nwk_setMyAddress)
    i.sCB                                    0x0800544c   Section        0  main_ap_async_listen_autoack.o(i.sCB)
    sCB                                      0x0800544d   Thumb Code    36  main_ap_async_listen_autoack.o(i.sCB)
    i.send_poll_reply                        0x0800547c   Section        0  nwk_mgmt.o(i.send_poll_reply)
    send_poll_reply                          0x0800547d   Thumb Code   134  nwk_mgmt.o(i.send_poll_reply)
    i.smpl_send_join_reply                   0x08005508   Section        0  nwk_join.o(i.smpl_send_join_reply)
    smpl_send_join_reply                     0x08005509   Thumb Code   224  nwk_join.o(i.smpl_send_join_reply)
    i.smpl_send_link_reply                   0x080055f4   Section        0  nwk_link.o(i.smpl_send_link_reply)
    smpl_send_link_reply                     0x080055f5   Thumb Code   346  nwk_link.o(i.smpl_send_link_reply)
    i.smpl_send_mgmt_reply                   0x08005760   Section        0  nwk_mgmt.o(i.smpl_send_mgmt_reply)
    smpl_send_mgmt_reply                     0x08005761   Thumb Code    24  nwk_mgmt.o(i.smpl_send_mgmt_reply)
    i.smpl_send_ping_reply                   0x08005778   Section        0  nwk_ping.o(i.smpl_send_ping_reply)
    smpl_send_ping_reply                     0x08005779   Thumb Code    52  nwk_ping.o(i.smpl_send_ping_reply)
    i.smpl_send_unlink_reply                 0x080057ac   Section        0  nwk_link.o(i.smpl_send_unlink_reply)
    smpl_send_unlink_reply                   0x080057ad   Thumb Code    76  nwk_link.o(i.smpl_send_unlink_reply)
    i.spiBurstFifoAccess                     0x080057f8   Section        0  mrfi.o(i.spiBurstFifoAccess)
    spiBurstFifoAccess                       0x080057f9   Thumb Code   158  mrfi.o(i.spiBurstFifoAccess)
    i.spiRegAccess                           0x080058d8   Section        0  mrfi.o(i.spiRegAccess)
    spiRegAccess                             0x080058d9   Thumb Code    70  mrfi.o(i.spiRegAccess)
    i.toggleLED                              0x08005960   Section        0  main_ap_async_listen_autoack.o(i.toggleLED)
    i.vGprsConnectTask                       0x08005990   Section        0  gprs_main.o(i.vGprsConnectTask)
    i.vGprsReceiveTask                       0x08005a64   Section        0  sim900a_gprs.o(i.vGprsReceiveTask)
    .constdata                               0x08005be4   Section       21  bsp.o(.constdata)
    __func__                                 0x08005be4   Data           9  bsp.o(.constdata)
    __func__                                 0x08005bed   Data          12  bsp.o(.constdata)
    .constdata                               0x08005bf9   Section      288  mrfi.o(.constdata)
    mrfiRadioCfg                             0x08005bfd   Data          62  mrfi.o(.constdata)
    mrfiLogicalChanTable                     0x08005c3b   Data           4  mrfi.o(.constdata)
    mrfiRFPowerTable                         0x08005c3f   Data           3  mrfi.o(.constdata)
    __func__                                 0x08005c42   Data          10  mrfi.o(.constdata)
    __func__                                 0x08005c4c   Data          14  mrfi.o(.constdata)
    __func__                                 0x08005c5a   Data          18  mrfi.o(.constdata)
    __func__                                 0x08005c6c   Data          10  mrfi.o(.constdata)
    __func__                                 0x08005c76   Data          12  mrfi.o(.constdata)
    __func__                                 0x08005c82   Data          10  mrfi.o(.constdata)
    __func__                                 0x08005c8c   Data          17  mrfi.o(.constdata)
    __func__                                 0x08005c9d   Data          15  mrfi.o(.constdata)
    __func__                                 0x08005cac   Data          16  mrfi.o(.constdata)
    __func__                                 0x08005cbc   Data          13  mrfi.o(.constdata)
    __func__                                 0x08005cc9   Data          19  mrfi.o(.constdata)
    __func__                                 0x08005cdc   Data          23  mrfi.o(.constdata)
    __func__                                 0x08005cf3   Data          14  mrfi.o(.constdata)
    __func__                                 0x08005d01   Data          24  mrfi.o(.constdata)
    .constdata                               0x08005d1c   Section       24  nwk_frame.o(.constdata)
    func                                     0x08005d1c   Data          24  nwk_frame.o(.constdata)
    .constdata                               0x08005d34   Section        9  nwk_globals.o(.constdata)
    sMyROMAddress                            0x08005d34   Data           4  nwk_globals.o(.constdata)
    sVersionInfo                             0x08005d38   Data           5  nwk_globals.o(.constdata)
    .constdata                               0x08005d3d   Section       16  stm32f10x_rcc.o(.constdata)
    .constdata                               0x08005d4d   Section      512  encryption.o(.constdata)
    .data                                    0x20000000   Section       20  main_ap_async_listen_autoack.o(.data)
    sLID                                     0x20000000   Data           8  main_ap_async_listen_autoack.o(.data)
    sNumCurrentPeers                         0x20000008   Data           1  main_ap_async_listen_autoack.o(.data)
    sPeerFrameSem                            0x20000009   Data           1  main_ap_async_listen_autoack.o(.data)
    sJoinSem                                 0x2000000a   Data           1  main_ap_async_listen_autoack.o(.data)
    sBlinky                                  0x2000000b   Data           1  main_ap_async_listen_autoack.o(.data)
    MrfiTicks                                0x2000000c   Data           4  main_ap_async_listen_autoack.o(.data)
    dwGprsStatus_m                           0x20000010   Data           4  main_ap_async_listen_autoack.o(.data)
    .data                                    0x20000014   Section        5  bsp.o(.data)
    sIterationsPerUsec                       0x20000018   Data           1  bsp.o(.data)
    .data                                    0x2000001a   Section        4  delay.o(.data)
    fac_us                                   0x2000001a   Data           1  delay.o(.data)
    fac_ms                                   0x2000001c   Data           2  delay.o(.data)
    .data                                    0x2000001e   Section       15  mrfi.o(.data)
    mrfiRadioState                           0x2000001e   Data           1  mrfi.o(.data)
    mrfiRndSeed                              0x2000001f   Data           1  mrfi.o(.data)
    sKillSem                                 0x20000020   Data           1  mrfi.o(.data)
    sReplyDelayContext                       0x20000021   Data           1  mrfi.o(.data)
    sReplyDelayScalar                        0x20000022   Data           2  mrfi.o(.data)
    sBackoffHelper                           0x20000024   Data           2  mrfi.o(.data)
    rx_isr_context                           0x20000026   Data           1  mrfi.o(.data)
    mrfiRxFilterEnabled                      0x20000027   Data           1  mrfi.o(.data)
    mrfiRxFilterAddr                         0x20000028   Data           4  mrfi.o(.data)
    .data                                    0x2000002d   Section      129  nwk.o(.data)
    sPersistInfo                             0x2000002d   Data         129  nwk.o(.data)
    .data                                    0x200000ae   Section        1  nwk_api.o(.data)
    sInit_done                               0x200000ae   Data           1  nwk_api.o(.data)
    .data                                    0x200000b0   Section       16  nwk_frame.o(.data)
    sTRACTID                                 0x200000b0   Data           1  nwk_frame.o(.data)
    sMyAddr                                  0x200000b4   Data           4  nwk_frame.o(.data)
    sMyRxType                                0x200000b8   Data           1  nwk_frame.o(.data)
    sMyTxType                                0x200000b9   Data           1  nwk_frame.o(.data)
    spCallback                               0x200000bc   Data           4  nwk_frame.o(.data)
    .data                                    0x200000c0   Section        9  nwk_globals.o(.data)
    sAPAddress                               0x200000c0   Data           4  nwk_globals.o(.data)
    sMyRAMAddress                            0x200000c4   Data           4  nwk_globals.o(.data)
    sRAMAddressIsSet                         0x200000c8   Data           1  nwk_globals.o(.data)
    .data                                    0x200000cc   Section       17  nwk_join.o(.data)
    sJoinToken                               0x200000cc   Data           4  nwk_join.o(.data)
    spCallback                               0x200000d0   Data           4  nwk_join.o(.data)
    sTid                                     0x200000d4   Data           1  nwk_join.o(.data)
    spSandFContext                           0x200000d8   Data           4  nwk_join.o(.data)
    sJoinOK                                  0x200000dc   Data           1  nwk_join.o(.data)
    .data                                    0x200000e0   Section       15  nwk_link.o(.data)
    sLinkToken                               0x200000e0   Data           4  nwk_link.o(.data)
    sListenActive                            0x200000e4   Data           1  nwk_link.o(.data)
    sServiceLinkID                           0x200000e5   Data           8  nwk_link.o(.data)
    sNumLinkers                              0x200000ed   Data           1  nwk_link.o(.data)
    sTid                                     0x200000ee   Data           1  nwk_link.o(.data)
    .data                                    0x200000ef   Section        4  nwk_mgmt.o(.data)
    sSFMarker                                0x200000ef   Data           3  nwk_mgmt.o(.data)
    sTid                                     0x200000f2   Data           1  nwk_mgmt.o(.data)
    .data                                    0x200000f3   Section        1  nwk_ping.o(.data)
    sTid                                     0x200000f3   Data           1  nwk_ping.o(.data)
    .data                                    0x200000f4   Section        4  system_stm32f10x.o(.data)
    .data                                    0x200000f8   Section        4  stm32f10x_rcc.o(.data)
    ADCPrescTable                            0x200000f8   Data           4  stm32f10x_rcc.o(.data)
    .data                                    0x200000fc   Section        5  sim900a_gprs.o(.data)
    send_fail_time                           0x200000fc   Data           1  sim900a_gprs.o(.data)
    err_times                                0x200000fd   Data           1  sim900a_gprs.o(.data)
    err_times                                0x200000fe   Data           1  sim900a_gprs.o(.data)
    error_ticks                              0x200000ff   Data           1  sim900a_gprs.o(.data)
    timeout_nums                             0x20000100   Data           1  sim900a_gprs.o(.data)
    .data                                    0x20000104   Section       12  gprs_main.o(.data)
    GprsTicks                                0x20000104   Data           4  gprs_main.o(.data)
    FirstSendVerFlag                         0x20000108   Data           1  gprs_main.o(.data)
    dwGprsStatus                             0x2000010c   Data           4  gprs_main.o(.data)
    .data                                    0x20000110   Section        1  msg.o(.data)
    ucSerNum                                 0x20000110   Data           1  msg.o(.data)
    .data                                    0x20000114   Section        4  stdout.o(.data)
    .bss                                     0x20000118   Section      216  main_ap_async_listen_autoack.o(.bss)
    tRespMsg                                 0x20000118   Data         216  main_ap_async_listen_autoack.o(.bss)
    .bss                                     0x200001f0   Section      260  ap_main.o(.bss)
    .bss                                     0x200002f4   Section       48  mrfi.o(.bss)
    mrfiIncomingPacket                       0x200002f4   Data          48  mrfi.o(.bss)
    .bss                                     0x20000324   Section      400  nwk_qmgmt.o(.bss)
    sInFrameQ                                0x20000324   Data         300  nwk_qmgmt.o(.bss)
    sOutFrameQ                               0x20000450   Data         100  nwk_qmgmt.o(.bss)
    .bss                                     0x200004b4   Section      180  sim900a_gprs.o(.bss)
    .bss                                     0x20000568   Section      216  gprs_main.o(.bss)
    tRespMsg                                 0x20000568   Data         216  gprs_main.o(.bss)
    .bss                                     0x20000640   Section       60  savepartoflash.o(.bss)
    STACK                                    0x20000680   Section     2048  startup_stm32f10x_xl.o(STACK)

    Global Symbols

    Symbol Name                              Value     Ov Type        Size  Object(Section)

    BuildAttributes$$THM_ISAv4$P$D$K$B$S$PE$A:L22UL41UL21$X:L11$S22US41US21$IEEE1$IW$USESV6$~STKCKD$USESV7$~SHL$OSPACE$ROPI$EBA8$MICROLIB$REQ8$PRES8$EABIv2 0x00000000   Number         0  anon$$obj.o ABSOLUTE
    __ARM_use_no_argv                        0x00000000   Number         0  ap_main.o ABSOLUTE
    __cpp_initialize__aeabi_                  - Undefined Weak Reference
    __cxa_finalize                            - Undefined Weak Reference
    __decompress                              - Undefined Weak Reference
    _clock_init                               - Undefined Weak Reference
    _microlib_exit                            - Undefined Weak Reference
    __Vectors_Size                           0x00000130   Number         0  startup_stm32f10x_xl.o ABSOLUTE
    __Vectors                                0x08000000   Data           4  startup_stm32f10x_xl.o(RESET)
    __Vectors_End                            0x08000130   Data           0  startup_stm32f10x_xl.o(RESET)
    __main                                   0x08000131   Thumb Code     0  entry.o(.ARM.Collect$$$$00000000)
    _main_stk                                0x08000131   Thumb Code     0  entry2.o(.ARM.Collect$$$$00000001)
    _main_scatterload                        0x08000135   Thumb Code     0  entry5.o(.ARM.Collect$$$$00000004)
    __main_after_scatterload                 0x08000139   Thumb Code     0  entry5.o(.ARM.Collect$$$$00000004)
    _main_clock                              0x08000139   Thumb Code     0  entry7b.o(.ARM.Collect$$$$00000008)
    _main_cpp_init                           0x08000139   Thumb Code     0  entry8b.o(.ARM.Collect$$$$0000000A)
    _main_init                               0x08000139   Thumb Code     0  entry9a.o(.ARM.Collect$$$$0000000B)
    __rt_final_cpp                           0x08000141   Thumb Code     0  entry10a.o(.ARM.Collect$$$$0000000D)
    __rt_final_exit                          0x08000141   Thumb Code     0  entry11a.o(.ARM.Collect$$$$0000000F)
    Reset_Handler                            0x08000145   Thumb Code     8  startup_stm32f10x_xl.o(.text)
    NMI_Handler                              0x0800014d   Thumb Code     2  startup_stm32f10x_xl.o(.text)
    HardFault_Handler                        0x0800014f   Thumb Code     2  startup_stm32f10x_xl.o(.text)
    MemManage_Handler                        0x08000151   Thumb Code     2  startup_stm32f10x_xl.o(.text)
    BusFault_Handler                         0x08000153   Thumb Code     2  startup_stm32f10x_xl.o(.text)
    UsageFault_Handler                       0x08000155   Thumb Code     2  startup_stm32f10x_xl.o(.text)
    SVC_Handler                              0x08000157   Thumb Code     2  startup_stm32f10x_xl.o(.text)
    DebugMon_Handler                         0x08000159   Thumb Code     2  startup_stm32f10x_xl.o(.text)
    PendSV_Handler                           0x0800015b   Thumb Code     2  startup_stm32f10x_xl.o(.text)
    SysTick_Handler                          0x0800015d   Thumb Code     2  startup_stm32f10x_xl.o(.text)
    ADC1_2_IRQHandler                        0x0800015f   Thumb Code     0  startup_stm32f10x_xl.o(.text)
    ADC3_IRQHandler                          0x0800015f   Thumb Code     0  startup_stm32f10x_xl.o(.text)
    CAN1_RX1_IRQHandler                      0x0800015f   Thumb Code     0  startup_stm32f10x_xl.o(.text)
    CAN1_SCE_IRQHandler                      0x0800015f   Thumb Code     0  startup_stm32f10x_xl.o(.text)
    DMA1_Channel1_IRQHandler                 0x0800015f   Thumb Code     0  startup_stm32f10x_xl.o(.text)
    DMA1_Channel2_IRQHandler                 0x0800015f   Thumb Code     0  startup_stm32f10x_xl.o(.text)
    DMA1_Channel3_IRQHandler                 0x0800015f   Thumb Code     0  startup_stm32f10x_xl.o(.text)
    DMA1_Channel4_IRQHandler                 0x0800015f   Thumb Code     0  startup_stm32f10x_xl.o(.text)
    DMA1_Channel5_IRQHandler                 0x0800015f   Thumb Code     0  startup_stm32f10x_xl.o(.text)
    DMA1_Channel6_IRQHandler                 0x0800015f   Thumb Code     0  startup_stm32f10x_xl.o(.text)
    DMA1_Channel7_IRQHandler                 0x0800015f   Thumb Code     0  startup_stm32f10x_xl.o(.text)
    DMA2_Channel1_IRQHandler                 0x0800015f   Thumb Code     0  startup_stm32f10x_xl.o(.text)
    DMA2_Channel2_IRQHandler                 0x0800015f   Thumb Code     0  startup_stm32f10x_xl.o(.text)
    DMA2_Channel3_IRQHandler                 0x0800015f   Thumb Code     0  startup_stm32f10x_xl.o(.text)
    DMA2_Channel4_5_IRQHandler               0x0800015f   Thumb Code     0  startup_stm32f10x_xl.o(.text)
    EXTI15_10_IRQHandler                     0x0800015f   Thumb Code     0  startup_stm32f10x_xl.o(.text)
    EXTI1_IRQHandler                         0x0800015f   Thumb Code     0  startup_stm32f10x_xl.o(.text)
    EXTI2_IRQHandler                         0x0800015f   Thumb Code     0  startup_stm32f10x_xl.o(.text)
    EXTI3_IRQHandler                         0x0800015f   Thumb Code     0  startup_stm32f10x_xl.o(.text)
    EXTI4_IRQHandler                         0x0800015f   Thumb Code     0  startup_stm32f10x_xl.o(.text)
    EXTI9_5_IRQHandler                       0x0800015f   Thumb Code     0  startup_stm32f10x_xl.o(.text)
    FLASH_IRQHandler                         0x0800015f   Thumb Code     0  startup_stm32f10x_xl.o(.text)
    FSMC_IRQHandler                          0x0800015f   Thumb Code     0  startup_stm32f10x_xl.o(.text)
    I2C1_ER_IRQHandler                       0x0800015f   Thumb Code     0  startup_stm32f10x_xl.o(.text)
    I2C1_EV_IRQHandler                       0x0800015f   Thumb Code     0  startup_stm32f10x_xl.o(.text)
    I2C2_ER_IRQHandler                       0x0800015f   Thumb Code     0  startup_stm32f10x_xl.o(.text)
    I2C2_EV_IRQHandler                       0x0800015f   Thumb Code     0  startup_stm32f10x_xl.o(.text)
    PVD_IRQHandler                           0x0800015f   Thumb Code     0  startup_stm32f10x_xl.o(.text)
    RCC_IRQHandler                           0x0800015f   Thumb Code     0  startup_stm32f10x_xl.o(.text)
    RTCAlarm_IRQHandler                      0x0800015f   Thumb Code     0  startup_stm32f10x_xl.o(.text)
    RTC_IRQHandler                           0x0800015f   Thumb Code     0  startup_stm32f10x_xl.o(.text)
    SDIO_IRQHandler                          0x0800015f   Thumb Code     0  startup_stm32f10x_xl.o(.text)
    SPI1_IRQHandler                          0x0800015f   Thumb Code     0  startup_stm32f10x_xl.o(.text)
    SPI2_IRQHandler                          0x0800015f   Thumb Code     0  startup_stm32f10x_xl.o(.text)
    SPI3_IRQHandler                          0x0800015f   Thumb Code     0  startup_stm32f10x_xl.o(.text)
    TAMPER_IRQHandler                        0x0800015f   Thumb Code     0  startup_stm32f10x_xl.o(.text)
    TIM1_BRK_TIM9_IRQHandler                 0x0800015f   Thumb Code     0  startup_stm32f10x_xl.o(.text)
    TIM1_CC_IRQHandler                       0x0800015f   Thumb Code     0  startup_stm32f10x_xl.o(.text)
    TIM1_TRG_COM_TIM11_IRQHandler            0x0800015f   Thumb Code     0  startup_stm32f10x_xl.o(.text)
    TIM1_UP_TIM10_IRQHandler                 0x0800015f   Thumb Code     0  startup_stm32f10x_xl.o(.text)
    TIM3_IRQHandler                          0x0800015f   Thumb Code     0  startup_stm32f10x_xl.o(.text)
    TIM5_IRQHandler                          0x0800015f   Thumb Code     0  startup_stm32f10x_xl.o(.text)
    TIM6_IRQHandler                          0x0800015f   Thumb Code     0  startup_stm32f10x_xl.o(.text)
    TIM7_IRQHandler                          0x0800015f   Thumb Code     0  startup_stm32f10x_xl.o(.text)
    TIM8_BRK_TIM12_IRQHandler                0x0800015f   Thumb Code     0  startup_stm32f10x_xl.o(.text)
    TIM8_CC_IRQHandler                       0x0800015f   Thumb Code     0  startup_stm32f10x_xl.o(.text)
    TIM8_TRG_COM_TIM14_IRQHandler            0x0800015f   Thumb Code     0  startup_stm32f10x_xl.o(.text)
    TIM8_UP_TIM13_IRQHandler                 0x0800015f   Thumb Code     0  startup_stm32f10x_xl.o(.text)
    UART4_IRQHandler                         0x0800015f   Thumb Code     0  startup_stm32f10x_xl.o(.text)
    UART5_IRQHandler                         0x0800015f   Thumb Code     0  startup_stm32f10x_xl.o(.text)
    USART1_IRQHandler                        0x0800015f   Thumb Code     0  startup_stm32f10x_xl.o(.text)
    USART2_IRQHandler                        0x0800015f   Thumb Code     0  startup_stm32f10x_xl.o(.text)
    USBWakeUp_IRQHandler                     0x0800015f   Thumb Code     0  startup_stm32f10x_xl.o(.text)
    USB_HP_CAN1_TX_IRQHandler                0x0800015f   Thumb Code     0  startup_stm32f10x_xl.o(.text)
    USB_LP_CAN1_RX0_IRQHandler               0x0800015f   Thumb Code     0  startup_stm32f10x_xl.o(.text)
    WWDG_IRQHandler                          0x0800015f   Thumb Code     0  startup_stm32f10x_xl.o(.text)
    ___aeabi_memcpy8$move                    0x08000169   Thumb Code     0  memmovea.o(.text)
    __aeabi_memcpy                           0x08000169   Thumb Code    64  memmovea.o(.text)
    __aeabi_memcpy4                          0x08000169   Thumb Code     0  memmovea.o(.text)
    __aeabi_memmove                          0x08000169   Thumb Code     0  memmovea.o(.text)
    __aeabi_memmove4                         0x08000169   Thumb Code     0  memmovea.o(.text)
    __aeabi_memmove8                         0x08000169   Thumb Code     0  memmovea.o(.text)
    __aeabi_memset                           0x080001a9   Thumb Code    14  memseta.o(.text)
    __aeabi_memset4                          0x080001a9   Thumb Code     0  memseta.o(.text)
    __aeabi_memset8                          0x080001a9   Thumb Code     0  memseta.o(.text)
    __aeabi_memclr                           0x080001b7   Thumb Code     4  memseta.o(.text)
    __aeabi_memclr4                          0x080001b7   Thumb Code     0  memseta.o(.text)
    __aeabi_memclr8                          0x080001b7   Thumb Code     0  memseta.o(.text)
    _memset$wrapper                          0x080001bb   Thumb Code    18  memseta.o(.text)
    memcmp                                   0x080001cd   Thumb Code    26  memcmp.o(.text)
    __scatterload                            0x080001e9   Thumb Code    28  init.o(.text)
    __scatterload_rt2                        0x080001e9   Thumb Code     0  init.o(.text)
    BSP_Delay                                0x0800020d   Thumb Code    38  bsp.o(i.BSP_Delay)
    BSP_INIT_SYS_TICKS                       0x08000239   Thumb Code   120  bsp.o(i.BSP_INIT_SYS_TICKS)
    BSP_Init                                 0x080002b1   Thumb Code    56  bsp.o(i.BSP_Init)
    BSP_InitBoard                            0x08000311   Thumb Code    48  bsp.o(i.BSP_InitBoard)
    BSP_InitButtons                          0x08000349   Thumb Code    12  bsp.o(i.BSP_InitButtons)
    BSP_InitDrivers                          0x08000355   Thumb Code    12  bsp.o(i.BSP_InitDrivers)
    BSP_InitLeds                             0x08000361   Thumb Code    50  bsp.o(i.BSP_InitLeds)
    BSP_InitSPI                              0x08000399   Thumb Code   124  bsp.o(i.BSP_InitSPI)
    BSP_InitUSART                            0x08000459   Thumb Code   112  bsp.o(i.BSP_InitUSART)
    CRC16                                    0x080004d5   Thumb Code    62  encryption.o(i.CRC16)
    CRC_CalcCRC                              0x0800051d   Thumb Code    10  stm32f10x_crc.o(i.CRC_CalcCRC)
    CRC_GetCRC                               0x0800052d   Thumb Code     6  stm32f10x_crc.o(i.CRC_GetCRC)
    CRC_ResetDR                              0x08000539   Thumb Code     8  stm32f10x_crc.o(i.CRC_ResetDR)
    ConfigGPSDMARec                          0x08000545   Thumb Code   108  gprs_serial.o(i.ConfigGPSDMARec)
    DBGMCU_Config                            0x080005b9   Thumb Code    26  stm32f10x_dbgmcu.o(i.DBGMCU_Config)
    DMA_Cmd                                  0x080005d9   Thumb Code    24  stm32f10x_dma.o(i.DMA_Cmd)
    DMA_DeInit                               0x080005f1   Thumb Code   324  stm32f10x_dma.o(i.DMA_DeInit)
    DMA_GetCurrDataCounter                   0x0800073d   Thumb Code     8  stm32f10x_dma.o(i.DMA_GetCurrDataCounter)
    DMA_Init                                 0x08000745   Thumb Code    60  stm32f10x_dma.o(i.DMA_Init)
    DMA_SetCurrDataCounter                   0x08000781   Thumb Code     4  stm32f10x_dma.o(i.DMA_SetCurrDataCounter)
    EXTI0_IRQHandler                         0x08000785   Thumb Code    70  mrfi.o(i.EXTI0_IRQHandler)
    EXTI_Init                                0x080007e1   Thumb Code   142  stm32f10x_exti.o(i.EXTI_Init)
    GPIO_EXTILineConfig                      0x08000875   Thumb Code    60  stm32f10x_gpio.o(i.GPIO_EXTILineConfig)
    GPIO_Init                                0x080008b5   Thumb Code   278  stm32f10x_gpio.o(i.GPIO_Init)
    GPIO_ReadInputDataBit                    0x080009cb   Thumb Code    18  stm32f10x_gpio.o(i.GPIO_ReadInputDataBit)
    GPIO_ResetBits                           0x080009dd   Thumb Code     4  stm32f10x_gpio.o(i.GPIO_ResetBits)
    GPIO_SetBits                             0x080009e1   Thumb Code     4  stm32f10x_gpio.o(i.GPIO_SetBits)
    GPRS_DMARecvHandler                      0x080009e5   Thumb Code     8  gprs_serial.o(i.GPRS_DMARecvHandler)
    GetGprsDev                               0x080009ed   Thumb Code     4  sim900a_gprs.o(i.GetGprsDev)
    GetSetedPar                              0x080009f5   Thumb Code    26  savepartoflash.o(i.GetSetedPar)
    GprsCmdWait                              0x08000a15   Thumb Code    38  sim900a_gprs.o(i.GprsCmdWait)
    Gprs_GetConnectStatus                    0x08000a3b   Thumb Code    20  sim900a_gprs.o(i.Gprs_GetConnectStatus)
    Gprs_IOConfig                            0x08000a51   Thumb Code    68  sim900a_gprs.o(i.Gprs_IOConfig)
    Gprs_Init                                0x08000a99   Thumb Code   100  sim900a_gprs.o(i.Gprs_Init)
    Gprs_Open                                0x08000b21   Thumb Code    18  sim900a_gprs.o(i.Gprs_Open)
    Gprs_SerInit                             0x08000b35   Thumb Code   200  gprs_serial.o(i.Gprs_SerInit)
    Gprs_SimCardCheck                        0x08000c05   Thumb Code    16  sim900a_gprs.o(i.Gprs_SimCardCheck)
    Gprs_TcpClose                            0x08000c15   Thumb Code    16  sim900a_gprs.o(i.Gprs_TcpClose)
    Gprs_TcpConfig                           0x08000c25   Thumb Code    16  sim900a_gprs.o(i.Gprs_TcpConfig)
    Gprs_TcpConnect                          0x08000c35   Thumb Code    16  sim900a_gprs.o(i.Gprs_TcpConnect)
    Gprs_Write                               0x08000c45   Thumb Code    26  sim900a_gprs.o(i.Gprs_Write)
    MRFI_DelayMs                             0x08000c5f   Thumb Code    24  mrfi.o(i.MRFI_DelayMs)
    MRFI_GetRadioState                       0x08000c79   Thumb Code     6  mrfi.o(i.MRFI_GetRadioState)
    MRFI_GpioIsr                             0x08000c85   Thumb Code    38  mrfi.o(i.MRFI_GpioIsr)
    MRFI_Init                                0x08000cb1   Thumb Code   494  mrfi.o(i.MRFI_Init)
    MRFI_PostKillSem                         0x08000f09   Thumb Code    14  mrfi.o(i.MRFI_PostKillSem)
    MRFI_RandomByte                          0x08000f3d   Thumb Code    20  mrfi.o(i.MRFI_RandomByte)
    MRFI_Receive                             0x08000f55   Thumb Code    16  mrfi.o(i.MRFI_Receive)
    MRFI_ReplyDelay                          0x08000f69   Thumb Code   106  mrfi.o(i.MRFI_ReplyDelay)
    MRFI_Rssi                                0x08000fe1   Thumb Code    80  mrfi.o(i.MRFI_Rssi)
    MRFI_RxAddrIsFiltered                    0x08001075   Thumb Code    72  mrfi.o(i.MRFI_RxAddrIsFiltered)
    MRFI_RxCompleteISR                       0x080010c9   Thumb Code    26  nwk_frame.o(i.MRFI_RxCompleteISR)
    MRFI_RxIdle                              0x080010e5   Thumb Code    46  mrfi.o(i.MRFI_RxIdle)
    MRFI_RxOn                                0x08001159   Thumb Code    46  mrfi.o(i.MRFI_RxOn)
    MRFI_SPI_CSN_IS_HIGH                     0x080011cd   Thumb Code    10  mrfi.o(i.MRFI_SPI_CSN_IS_HIGH)
    MRFI_SPI_DRIVE_CSN_HIGH                  0x080011dd   Thumb Code     8  mrfi.o(i.MRFI_SPI_DRIVE_CSN_HIGH)
    MRFI_SPI_DRIVE_CSN_LOW                   0x080011e9   Thumb Code     8  mrfi.o(i.MRFI_SPI_DRIVE_CSN_LOW)
    MRFI_SetLogicalChannel                   0x080011f5   Thumb Code    52  mrfi.o(i.MRFI_SetLogicalChannel)
    MRFI_SetRFPwr                            0x08001271   Thumb Code    52  mrfi.o(i.MRFI_SetRFPwr)
    MRFI_Sleep                               0x080012ed   Thumb Code    52  mrfi.o(i.MRFI_Sleep)
    MRFI_Transmit                            0x08001325   Thumb Code   346  mrfi.o(i.MRFI_Transmit)
    MRFI_WakeUp                              0x080014d5   Thumb Code    64  mrfi.o(i.MRFI_WakeUp)
    Mrfi_DelayUsecLong                       0x0800156f   Thumb Code   164  mrfi.o(i.Mrfi_DelayUsecLong)
    MsgPackage                               0x0800187d   Thumb Code   228  msg.o(i.MsgPackage)
    NVIC_Init                                0x08001969   Thumb Code   100  misc.o(i.NVIC_Init)
    NVIC_PriorityGroupConfig                 0x080019d9   Thumb Code    10  misc.o(i.NVIC_PriorityGroupConfig)
    PDInit_GetSysTick                        0x080019ed   Thumb Code    16  bsp.o(i.PDInit_GetSysTick)
    ProMsg                                   0x08001a01   Thumb Code    70  ap_main.o(i.ProMsg)
    RCC_AHBPeriphClockCmd                    0x08001a4d   Thumb Code    26  stm32f10x_rcc.o(i.RCC_AHBPeriphClockCmd)
    RCC_APB1PeriphClockCmd                   0x08001a6d   Thumb Code    26  stm32f10x_rcc.o(i.RCC_APB1PeriphClockCmd)
    RCC_APB1PeriphResetCmd                   0x08001a8d   Thumb Code    26  stm32f10x_rcc.o(i.RCC_APB1PeriphResetCmd)
    RCC_APB2PeriphClockCmd                   0x08001aad   Thumb Code    26  stm32f10x_rcc.o(i.RCC_APB2PeriphClockCmd)
    RCC_APB2PeriphResetCmd                   0x08001acd   Thumb Code    26  stm32f10x_rcc.o(i.RCC_APB2PeriphResetCmd)
    RCC_Configuration                        0x08001aed   Thumb Code   112  bsp.o(i.RCC_Configuration)
    RCC_DeInit                               0x08001b5d   Thumb Code    64  stm32f10x_rcc.o(i.RCC_DeInit)
    RCC_GetClocksFreq                        0x08001ba9   Thumb Code   192  stm32f10x_rcc.o(i.RCC_GetClocksFreq)
    RCC_GetFlagStatus                        0x08001c7d   Thumb Code    56  stm32f10x_rcc.o(i.RCC_GetFlagStatus)
    RCC_GetSYSCLKSource                      0x08001cb9   Thumb Code    10  stm32f10x_rcc.o(i.RCC_GetSYSCLKSource)
    RCC_HCLKConfig                           0x08001cc9   Thumb Code    18  stm32f10x_rcc.o(i.RCC_HCLKConfig)
    RCC_HSEConfig                            0x08001ce1   Thumb Code    70  stm32f10x_rcc.o(i.RCC_HSEConfig)
    RCC_LSICmd                               0x08001d2d   Thumb Code     6  stm32f10x_rcc.o(i.RCC_LSICmd)
    RCC_PCLK1Config                          0x08001d39   Thumb Code    18  stm32f10x_rcc.o(i.RCC_PCLK1Config)
    RCC_PCLK2Config                          0x08001d51   Thumb Code    20  stm32f10x_rcc.o(i.RCC_PCLK2Config)
    RCC_PLLCmd                               0x08001d69   Thumb Code     6  stm32f10x_rcc.o(i.RCC_PLLCmd)
    RCC_PLLConfig                            0x08001d75   Thumb Code    24  stm32f10x_rcc.o(i.RCC_PLLConfig)
    RCC_SYSCLKConfig                         0x08001d91   Thumb Code    18  stm32f10x_rcc.o(i.RCC_SYSCLKConfig)
    RCC_WaitForHSEStartUp                    0x08001da9   Thumb Code    56  stm32f10x_rcc.o(i.RCC_WaitForHSEStartUp)
    SMPL_Init                                0x08001de1   Thumb Code    52  nwk_api.o(i.SMPL_Init)
    SMPL_Ioctl                               0x08001e19   Thumb Code   270  nwk_api.o(i.SMPL_Ioctl)
    SMPL_LinkListen                          0x08001f2d   Thumb Code   104  nwk_api.o(i.SMPL_LinkListen)
    SMPL_Receive                             0x08001f95   Thumb Code    72  nwk_api.o(i.SMPL_Receive)
    SMPL_SendOpt                             0x08001fdd   Thumb Code   274  nwk_api.o(i.SMPL_SendOpt)
    SPI_Cmd                                  0x080020ef   Thumb Code    24  stm32f10x_spi.o(i.SPI_Cmd)
    SPI_Init                                 0x08002107   Thumb Code    60  stm32f10x_spi.o(i.SPI_Init)
    Search_SubArray                          0x08002143   Thumb Code    90  commonuse.o(i.Search_SubArray)
    Serial_PutData                           0x080021c1   Thumb Code    50  gprs_serial.o(i.Serial_PutData)
    Serial_PutString                         0x080021f9   Thumb Code    42  gprs_serial.o(i.Serial_PutString)
    Sim900aCREG                              0x0800240d   Thumb Code   218  sim900a_gprs.o(i.Sim900aCREG)
    Sim900aClose                             0x080025c9   Thumb Code   148  sim900a_gprs.o(i.Sim900aClose)
    Sim900aCmd                               0x08002685   Thumb Code    26  sim900a_gprs.o(i.Sim900aCmd)
    Sim900aGetConnectStatus                  0x0800269f   Thumb Code     8  sim900a_gprs.o(i.Sim900aGetConnectStatus)
    Sim900aGetSignal                         0x080026a9   Thumb Code   140  sim900a_gprs.o(i.Sim900aGetSignal)
    Sim900aGprsRead                          0x08002749   Thumb Code    50  sim900a_gprs.o(i.Sim900aGprsRead)
    Sim900aGprsRecv                          0x0800277b   Thumb Code   188  sim900a_gprs.o(i.Sim900aGprsRecv)
    Sim900aGprsWrite                         0x08002839   Thumb Code   292  sim900a_gprs.o(i.Sim900aGprsWrite)
    Sim900aIPStatus                          0x08002975   Thumb Code   262  sim900a_gprs.o(i.Sim900aIPStatus)
    Sim900aInit                              0x08002b09   Thumb Code    12  sim900a_gprs.o(i.Sim900aInit)
    Sim900aOpen                              0x08002b15   Thumb Code    78  sim900a_gprs.o(i.Sim900aOpen)
    Sim900aPowerOn                           0x08002b65   Thumb Code    92  sim900a_gprs.o(i.Sim900aPowerOn)
    Sim900aTcpClose                          0x08002c35   Thumb Code    84  sim900a_gprs.o(i.Sim900aTcpClose)
    Sim900aTcpConfig                         0x08002ca9   Thumb Code   396  sim900a_gprs.o(i.Sim900aTcpConfig)
    Sim900aTcpConnect                        0x08002e9d   Thumb Code   438  sim900a_gprs.o(i.Sim900aTcpConnect)
    Sim900aTcpShut                           0x080030e1   Thumb Code    92  sim900a_gprs.o(i.Sim900aTcpShut)
    SysTick_CLKSourceConfig                  0x0800315d   Thumb Code    40  misc.o(i.SysTick_CLKSourceConfig)
    Sys_delay_init                           0x08003185   Thumb Code    50  delay.o(i.Sys_delay_init)
    Sys_delay_ms                             0x080031c9   Thumb Code    72  delay.o(i.Sys_delay_ms)
    SystemInit                               0x08003215   Thumb Code    78  system_stm32f10x.o(i.SystemInit)
    TIM2_IRQHandler                          0x08003275   Thumb Code    30  bsp.o(i.TIM2_IRQHandler)
    TIM4_IRQHandler                          0x08003299   Thumb Code    34  gprs_serial.o(i.TIM4_IRQHandler)
    TIM4_Init                                0x080032c1   Thumb Code   102  gprs_serial.o(i.TIM4_Init)
    TIM4_Set                                 0x0800332d   Thumb Code    34  gprs_serial.o(i.TIM4_Set)
    TIM_ClearITPendingBit                    0x08003355   Thumb Code     6  stm32f10x_tim.o(i.TIM_ClearITPendingBit)
    TIM_Cmd                                  0x0800335b   Thumb Code    24  stm32f10x_tim.o(i.TIM_Cmd)
    TIM_DeInit                               0x08003375   Thumb Code   424  stm32f10x_tim.o(i.TIM_DeInit)
    TIM_GetITStatus                          0x0800355d   Thumb Code    34  stm32f10x_tim.o(i.TIM_GetITStatus)
    TIM_ITConfig                             0x0800357f   Thumb Code    18  stm32f10x_tim.o(i.TIM_ITConfig)
    TIM_InternalClockConfig                  0x08003591   Thumb Code    12  stm32f10x_tim.o(i.TIM_InternalClockConfig)
    TIM_SetCounter                           0x0800359d   Thumb Code     4  stm32f10x_tim.o(i.TIM_SetCounter)
    TIM_TimeBaseInit                         0x080035a1   Thumb Code   122  stm32f10x_tim.o(i.TIM_TimeBaseInit)
    USART3_IRQHandler                        0x08003645   Thumb Code   214  gprs_serial.o(i.USART3_IRQHandler)
    USART_ClearITPendingBit                  0x08003725   Thumb Code    30  stm32f10x_usart.o(i.USART_ClearITPendingBit)
    USART_Cmd                                0x08003743   Thumb Code    24  stm32f10x_usart.o(i.USART_Cmd)
    USART_DMACmd                             0x0800375b   Thumb Code    18  stm32f10x_usart.o(i.USART_DMACmd)
    USART_DeInit                             0x0800376d   Thumb Code   134  stm32f10x_usart.o(i.USART_DeInit)
    USART_GetFlagStatus                      0x08003809   Thumb Code    26  stm32f10x_usart.o(i.USART_GetFlagStatus)
    USART_GetITStatus                        0x08003823   Thumb Code    84  stm32f10x_usart.o(i.USART_GetITStatus)
    USART_ITConfig                           0x08003877   Thumb Code    74  stm32f10x_usart.o(i.USART_ITConfig)
    USART_Init                               0x080038c1   Thumb Code   210  stm32f10x_usart.o(i.USART_Init)
    USART_ReceiveData                        0x08003999   Thumb Code    10  stm32f10x_usart.o(i.USART_ReceiveData)
    USART_SendData                           0x080039a3   Thumb Code     8  stm32f10x_usart.o(i.USART_SendData)
    __0printf$bare                           0x080039ad   Thumb Code     8  printfb.o(i.__0printf$bare)
    __1printf$bare                           0x080039ad   Thumb Code     0  printfb.o(i.__0printf$bare)
    __2printf                                0x080039ad   Thumb Code     0  printfb.o(i.__0printf$bare)
    __bsp_ASSERT                             0x080039bd   Thumb Code   234  bsp.o(i.__bsp_ASSERT)
    __bsp_debug                              0x08003ad5   Thumb Code    30  bsp.o(i.__bsp_debug)
    __bsp_debug_dec                          0x08003af9   Thumb Code    82  bsp.o(i.__bsp_debug_dec)
    __bsp_debug_msg                          0x08003b4b   Thumb Code    22  bsp.o(i.__bsp_debug_msg)
    __bsp_debug_msg_ln                       0x08003b61   Thumb Code    18  bsp.o(i.__bsp_debug_msg_ln)
    __mrfi_GDO0_INIT                         0x08003b79   Thumb Code    88  mrfi.o(i.__mrfi_GDO0_INIT)
    __mrfi_SPI_IS_INITIALIZED                0x08003bd5   Thumb Code    10  mrfi.o(i.__mrfi_SPI_IS_INITIALIZED)
    __mrfi_SPI_READ_BYTE                     0x08003be5   Thumb Code    22  mrfi.o(i.__mrfi_SPI_READ_BYTE)
    __mrfi_SPI_WAIT_DONE                     0x08003c01   Thumb Code    16  mrfi.o(i.__mrfi_SPI_WAIT_DONE)
    __mrfi_SPI_WRITE_BYTE                    0x08003c15   Thumb Code    38  mrfi.o(i.__mrfi_SPI_WRITE_BYTE)
    __scatterload_copy                       0x08003c41   Thumb Code    14  handlers.o(i.__scatterload_copy)
    __scatterload_null                       0x08003c4f   Thumb Code     2  handlers.o(i.__scatterload_null)
    __scatterload_zeroinit                   0x08003c51   Thumb Code    14  handlers.o(i.__scatterload_zeroinit)
    createRandomAddress                      0x08003c81   Thumb Code    98  mrfi.o(i.createRandomAddress)
    fputc                                    0x08003e1d   Thumb Code    14  bsp.o(i.fputc)
    gpioPinConfig                            0x08003e35   Thumb Code    42  bsp.o(i.gpioPinConfig)
    gpioPinIn                                0x08003e5f   Thumb Code    30  bsp.o(i.gpioPinIn)
    gpioPinMask                              0x08003e7d   Thumb Code    14  bsp.o(i.gpioPinMask)
    gpioPort                                 0x08003e8d   Thumb Code    14  bsp.o(i.gpioPort)
    isDupSandFFrame                          0x08003f97   Thumb Code   114  nwk_frame.o(i.isDupSandFFrame)
    main                                     0x08004009   Thumb Code    28  ap_main.o(i.main)
    mrfiSpiCmdStrobe                         0x08004055   Thumb Code    78  mrfi.o(i.mrfiSpiCmdStrobe)
    mrfiSpiInit                              0x080040e5   Thumb Code    50  mrfi.o(i.mrfiSpiInit)
    mrfiSpiReadReg                           0x0800411d   Thumb Code    40  mrfi.o(i.mrfiSpiReadReg)
    mrfiSpiReadRxFifo                        0x08004185   Thumb Code    22  mrfi.o(i.mrfiSpiReadRxFifo)
    mrfiSpiWriteReg                          0x0800419d   Thumb Code    40  mrfi.o(i.mrfiSpiWriteReg)
    mrfiSpiWriteTxFifo                       0x08004205   Thumb Code    18  mrfi.o(i.mrfiSpiWriteTxFifo)
    mrfi_loop                                0x08004239   Thumb Code   308  main_ap_async_listen_autoack.o(i.mrfi_loop)
    mrif_config                              0x0800438d   Thumb Code    60  main_ap_async_listen_autoack.o(i.mrif_config)
    nwk_NVObj                                0x080043d1   Thumb Code     6  nwk.o(i.nwk_NVObj)
    nwk_QInit                                0x080043d9   Thumb Code    22  nwk_qmgmt.o(i.nwk_QInit)
    nwk_QadjustOrder                         0x080043f9   Thumb Code    76  nwk_qmgmt.o(i.nwk_QadjustOrder)
    nwk_QfindOldest                          0x08004449   Thumb Code   334  nwk_qmgmt.o(i.nwk_QfindOldest)
    nwk_QfindSlot                            0x0800459d   Thumb Code   148  nwk_qmgmt.o(i.nwk_QfindSlot)
    nwk_SendEmptyPollRspFrame                0x08004639   Thumb Code   214  nwk_frame.o(i.nwk_SendEmptyPollRspFrame)
    nwk_allocateLocalRxPort                  0x08004719   Thumb Code   226  nwk.o(i.nwk_allocateLocalRxPort)
    nwk_buildAckReqFrame                     0x08004801   Thumb Code    58  nwk_frame.o(i.nwk_buildAckReqFrame)
    nwk_buildFrame                           0x0800483d   Thumb Code   186  nwk_frame.o(i.nwk_buildFrame)
    nwk_checkAppMsgTID                       0x08004905   Thumb Code    36  nwk.o(i.nwk_checkAppMsgTID)
    nwk_checkConnInfo                        0x08004929   Thumb Code    34  nwk.o(i.nwk_checkConnInfo)
    nwk_connectionControl                    0x0800494b   Thumb Code    48  nwk_ioctl.o(i.nwk_connectionControl)
    nwk_deviceAddress                        0x0800497b   Thumb Code    40  nwk_ioctl.o(i.nwk_deviceAddress)
    nwk_findAlreadyJoined                    0x080049a5   Thumb Code    52  nwk.o(i.nwk_findAlreadyJoined)
    nwk_findPeer                             0x080049dd   Thumb Code    58  nwk.o(i.nwk_findPeer)
    nwk_frameInit                            0x08004a1d   Thumb Code    44  nwk_frame.o(i.nwk_frameInit)
    nwk_freeConnection                       0x08004a5d   Thumb Code     6  nwk.o(i.nwk_freeConnection)
    nwk_freqInit                             0x08004a63   Thumb Code     2  nwk_freq.o(i.nwk_freqInit)
    nwk_getBCastAddress                      0x08004a65   Thumb Code     4  nwk_globals.o(i.nwk_getBCastAddress)
    nwk_getConnInfo                          0x08004a6d   Thumb Code    54  nwk.o(i.nwk_getConnInfo)
    nwk_getFWVersion                         0x08004aa9   Thumb Code     4  nwk_globals.o(i.nwk_getFWVersion)
    nwk_getJoinToken                         0x08004ab1   Thumb Code    10  nwk_join.o(i.nwk_getJoinToken)
    nwk_getLinkToken                         0x08004ac1   Thumb Code    10  nwk_link.o(i.nwk_getLinkToken)
    nwk_getLocalLinkID                       0x08004ad1   Thumb Code    92  nwk_link.o(i.nwk_getLocalLinkID)
    nwk_getMyAddress                         0x08004b35   Thumb Code    14  nwk_globals.o(i.nwk_getMyAddress)
    nwk_getMyRxType                          0x08004b51   Thumb Code     6  nwk_frame.o(i.nwk_getMyRxType)
    nwk_getNextConnection                    0x08004b5d   Thumb Code    68  nwk.o(i.nwk_getNextConnection)
    nwk_getNumObjectFromMsg                  0x08004ba5   Thumb Code    44  nwk.o(i.nwk_getNumObjectFromMsg)
    nwk_getProtocolVersion                   0x08004bd1   Thumb Code     6  nwk_globals.o(i.nwk_getProtocolVersion)
    nwk_getQ                                 0x08004bdd   Thumb Code    14  nwk_qmgmt.o(i.nwk_getQ)
    nwk_getSFInfoPtr                         0x08004bf5   Thumb Code     4  nwk.o(i.nwk_getSFInfoPtr)
    nwk_getSandFFrame                        0x08004bfd   Thumb Code   112  nwk_frame.o(i.nwk_getSandFFrame)
    nwk_globalsInit                          0x08004c6d   Thumb Code    28  nwk_globals.o(i.nwk_globalsInit)
    nwk_isConnectionValid                    0x08004c99   Thumb Code   136  nwk.o(i.nwk_isConnectionValid)
    nwk_isLinkDuplicate                      0x08004d25   Thumb Code    58  nwk.o(i.nwk_isLinkDuplicate)
    nwk_isSandFClient                        0x08004d65   Thumb Code    58  nwk_join.o(i.nwk_isSandFClient)
    nwk_isValidReply                         0x08004da5   Thumb Code    72  nwk.o(i.nwk_isValidReply)
    nwk_join                                 0x08004ded   Thumb Code     4  nwk_join.o(i.nwk_join)
    nwk_joinContext                          0x08004df1   Thumb Code    24  nwk_ioctl.o(i.nwk_joinContext)
    nwk_joinInit                             0x08004e09   Thumb Code    54  nwk_join.o(i.nwk_joinInit)
    nwk_linkInit                             0x08004e59   Thumb Code    38  nwk_link.o(i.nwk_linkInit)
    nwk_mgmtInit                             0x08004e91   Thumb Code    20  nwk_mgmt.o(i.nwk_mgmtInit)
    nwk_nwkInit                              0x08004ead   Thumb Code   132  nwk.o(i.nwk_nwkInit)
    nwk_pingInit                             0x08004f35   Thumb Code    12  nwk_ping.o(i.nwk_pingInit)
    nwk_processFreq                          0x08004f45   Thumb Code     6  nwk_freq.o(i.nwk_processFreq)
    nwk_processJoin                          0x08004f4d   Thumb Code    60  nwk_join.o(i.nwk_processJoin)
    nwk_processLink                          0x08004f91   Thumb Code    50  nwk_link.o(i.nwk_processLink)
    nwk_processMgmt                          0x08004fc9   Thumb Code    76  nwk_mgmt.o(i.nwk_processMgmt)
    nwk_processPing                          0x08005019   Thumb Code    50  nwk_ping.o(i.nwk_processPing)
    nwk_processSecurity                      0x08005051   Thumb Code     6  nwk_security.o(i.nwk_processSecurity)
    nwk_putNumObjectIntoMsg                  0x08005057   Thumb Code    64  nwk.o(i.nwk_putNumObjectIntoMsg)
    nwk_radioControl                         0x08005097   Thumb Code   156  nwk_ioctl.o(i.nwk_radioControl)
    nwk_rawReceive                           0x08005133   Thumb Code    36  nwk_ioctl.o(i.nwk_rawReceive)
    nwk_rawSend                              0x08005157   Thumb Code    72  nwk_ioctl.o(i.nwk_rawSend)
    nwk_replayFrame                          0x0800519f   Thumb Code    56  nwk_frame.o(i.nwk_replayFrame)
    nwk_resetSFMarker                        0x080051d9   Thumb Code     8  nwk_mgmt.o(i.nwk_resetSFMarker)
    nwk_retrieveFrame                        0x080051e5   Thumb Code   154  nwk_frame.o(i.nwk_retrieveFrame)
    nwk_saveJoinedDevice                     0x08005281   Thumb Code    78  nwk.o(i.nwk_saveJoinedDevice)
    nwk_securityInit                         0x080052d5   Thumb Code     2  nwk_security.o(i.nwk_securityInit)
    nwk_sendAckReply                         0x080052d9   Thumb Code   206  nwk_frame.o(i.nwk_sendAckReply)
    nwk_sendFrame                            0x080053b5   Thumb Code    48  nwk_frame.o(i.nwk_sendFrame)
    nwk_setJoinContext                       0x080053e9   Thumb Code    16  nwk_join.o(i.nwk_setJoinContext)
    nwk_setJoinToken                         0x080053fd   Thumb Code     8  nwk_join.o(i.nwk_setJoinToken)
    nwk_setLinkToken                         0x08005409   Thumb Code     8  nwk_link.o(i.nwk_setLinkToken)
    nwk_setListenContext                     0x08005415   Thumb Code    14  nwk_link.o(i.nwk_setListenContext)
    nwk_setMyAddress                         0x08005429   Thumb Code    26  nwk_globals.o(i.nwk_setMyAddress)
    toggleLED                                0x08005961   Thumb Code    42  main_ap_async_listen_autoack.o(i.toggleLED)
    vGprsConnectTask                         0x08005991   Thumb Code   194  gprs_main.o(i.vGprsConnectTask)
    vGprsReceiveTask                         0x08005a65   Thumb Code   296  sim900a_gprs.o(i.vGprsReceiveTask)
    mrfiBroadcastAddr                        0x08005bf9   Data           4  mrfi.o(.constdata)
    APBAHBPrescTable                         0x08005d3d   Data          16  stm32f10x_rcc.o(.constdata)
    auchCRCHigh                              0x08005d4d   Data         256  encryption.o(.constdata)
    auchCRCLow                               0x08005e4d   Data         256  encryption.o(.constdata)
    Region$$Table$$Base                      0x08005f50   Number         0  anon$$obj.o(Region$$Table)
    Region$$Table$$Limit                     0x08005f70   Number         0  anon$$obj.o(Region$$Table)
    SysTicksVal32Bit                         0x20000014   Data           4  bsp.o(.data)
    mrfi_ignore_interrupt                    0x2000002c   Data           1  mrfi.o(.data)
    SystemCoreClock                          0x200000f4   Data           4  system_stm32f10x.o(.data)
    __stdout                                 0x20000114   Data           4  stdout.o(.data)
    gMsgPro                                  0x200001f0   Data         260  ap_main.o(.bss)
    g_GprsDev                                0x200004b4   Data         180  sim900a_gprs.o(.bss)
    SetParameters                            0x20000640   Data          60  savepartoflash.o(.bss)
    __initial_sp                             0x20000e80   Data           0  startup_stm32f10x_xl.o(STACK)



==============================================================================

Memory Map of the image

  Image Entry point : 0x08000131

  Load Region LR_IROM1 (Base: 0x08000000, Size: 0x00006088, Max: 0x00020000, ABSOLUTE)

    Execution Region ER_IROM1 (Base: 0x08000000, Size: 0x00005f70, Max: 0x00020000, ABSOLUTE)

    Base Addr    Size         Type   Attr      Idx    E Section Name        Object

    0x08000000   0x00000130   Data   RO         1545    RESET               startup_stm32f10x_xl.o
    0x08000130   0x00000000   Code   RO         3661  * .ARM.Collect$$$$00000000  mc_w.l(entry.o)
    0x08000130   0x00000004   Code   RO         3936    .ARM.Collect$$$$00000001  mc_w.l(entry2.o)
    0x08000134   0x00000004   Code   RO         3939    .ARM.Collect$$$$00000004  mc_w.l(entry5.o)
    0x08000138   0x00000000   Code   RO         3941    .ARM.Collect$$$$00000008  mc_w.l(entry7b.o)
    0x08000138   0x00000000   Code   RO         3943    .ARM.Collect$$$$0000000A  mc_w.l(entry8b.o)
    0x08000138   0x00000008   Code   RO         3944    .ARM.Collect$$$$0000000B  mc_w.l(entry9a.o)
    0x08000140   0x00000000   Code   RO         3946    .ARM.Collect$$$$0000000D  mc_w.l(entry10a.o)
    0x08000140   0x00000000   Code   RO         3948    .ARM.Collect$$$$0000000F  mc_w.l(entry11a.o)
    0x08000140   0x00000004   Code   RO         3937    .ARM.Collect$$$$00002712  mc_w.l(entry2.o)
    0x08000144   0x00000024   Code   RO         1546    .text               startup_stm32f10x_xl.o
    0x08000168   0x00000040   Code   RO         3666    .text               mc_w.l(memmovea.o)
    0x080001a8   0x00000024   Code   RO         3668    .text               mc_w.l(memseta.o)
    0x080001cc   0x0000001a   Code   RO         3670    .text               mc_w.l(memcmp.o)
    0x080001e6   0x00000002   PAD
    0x080001e8   0x00000024   Code   RO         3966    .text               mc_w.l(init.o)
    0x0800020c   0x0000002c   Code   RO          212    i.BSP_Delay         bsp.o
    0x08000238   0x00000078   Code   RO          213    i.BSP_INIT_SYS_TICKS  bsp.o
    0x080002b0   0x00000060   Code   RO          214    i.BSP_Init          bsp.o
    0x08000310   0x00000038   Code   RO          215    i.BSP_InitBoard     bsp.o
    0x08000348   0x0000000c   Code   RO          216    i.BSP_InitButtons   bsp.o
    0x08000354   0x0000000c   Code   RO          217    i.BSP_InitDrivers   bsp.o
    0x08000360   0x00000038   Code   RO          218    i.BSP_InitLeds      bsp.o
    0x08000398   0x000000c0   Code   RO          219    i.BSP_InitSPI       bsp.o
    0x08000458   0x0000007c   Code   RO          220    i.BSP_InitUSART     bsp.o
    0x080004d4   0x00000048   Code   RO         3607    i.CRC16             encryption.o
    0x0800051c   0x00000010   Code   RO         2306    i.CRC_CalcCRC       stm32f10x_crc.o
    0x0800052c   0x0000000c   Code   RO         2307    i.CRC_GetCRC        stm32f10x_crc.o
    0x08000538   0x0000000c   Code   RO         2309    i.CRC_ResetDR       stm32f10x_crc.o
    0x08000544   0x00000074   Code   RO         3502    i.ConfigGPSDMARec   gprs_serial.o
    0x080005b8   0x00000020   Code   RO         1587    i.DBGMCU_Config     stm32f10x_dbgmcu.o
    0x080005d8   0x00000018   Code   RO         3110    i.DMA_Cmd           stm32f10x_dma.o
    0x080005f0   0x0000014c   Code   RO         3111    i.DMA_DeInit        stm32f10x_dma.o
    0x0800073c   0x00000008   Code   RO         3112    i.DMA_GetCurrDataCounter  stm32f10x_dma.o
    0x08000744   0x0000003c   Code   RO         3116    i.DMA_Init          stm32f10x_dma.o
    0x08000780   0x00000004   Code   RO         3117    i.DMA_SetCurrDataCounter  stm32f10x_dma.o
    0x08000784   0x0000005c   Code   RO          459    i.EXTI0_IRQHandler  mrfi.o
    0x080007e0   0x00000094   Code   RO         1617    i.EXTI_Init         stm32f10x_exti.o
    0x08000874   0x00000040   Code   RO         1668    i.GPIO_EXTILineConfig  stm32f10x_gpio.o
    0x080008b4   0x00000116   Code   RO         1671    i.GPIO_Init         stm32f10x_gpio.o
    0x080009ca   0x00000012   Code   RO         1675    i.GPIO_ReadInputDataBit  stm32f10x_gpio.o
    0x080009dc   0x00000004   Code   RO         1678    i.GPIO_ResetBits    stm32f10x_gpio.o
    0x080009e0   0x00000004   Code   RO         1679    i.GPIO_SetBits      stm32f10x_gpio.o
    0x080009e4   0x00000008   Code   RO         3503    i.GPRS_DMARecvHandler  gprs_serial.o
    0x080009ec   0x00000008   Code   RO         3183    i.GetGprsDev        sim900a_gprs.o
    0x080009f4   0x00000020   Code   RO         3625    i.GetSetedPar       savepartoflash.o
    0x08000a14   0x00000026   Code   RO         3184    i.GprsCmdWait       sim900a_gprs.o
    0x08000a3a   0x00000014   Code   RO         3186    i.Gprs_GetConnectStatus  sim900a_gprs.o
    0x08000a4e   0x00000002   PAD
    0x08000a50   0x00000048   Code   RO         3188    i.Gprs_IOConfig     sim900a_gprs.o
    0x08000a98   0x00000088   Code   RO         3189    i.Gprs_Init         sim900a_gprs.o
    0x08000b20   0x00000012   Code   RO         3190    i.Gprs_Open         sim900a_gprs.o
    0x08000b32   0x00000002   PAD
    0x08000b34   0x000000d0   Code   RO         3504    i.Gprs_SerInit      gprs_serial.o
    0x08000c04   0x00000010   Code   RO         3194    i.Gprs_SimCardCheck  sim900a_gprs.o
    0x08000c14   0x00000010   Code   RO         3195    i.Gprs_TcpClose     sim900a_gprs.o
    0x08000c24   0x00000010   Code   RO         3196    i.Gprs_TcpConfig    sim900a_gprs.o
    0x08000c34   0x00000010   Code   RO         3197    i.Gprs_TcpConnect   sim900a_gprs.o
    0x08000c44   0x0000001a   Code   RO         3198    i.Gprs_Write        sim900a_gprs.o
    0x08000c5e   0x00000018   Code   RO          461    i.MRFI_DelayMs      mrfi.o
    0x08000c76   0x00000002   PAD
    0x08000c78   0x0000000c   Code   RO          464    i.MRFI_GetRadioState  mrfi.o
    0x08000c84   0x0000002c   Code   RO          465    i.MRFI_GpioIsr      mrfi.o
    0x08000cb0   0x00000258   Code   RO          466    i.MRFI_Init         mrfi.o
    0x08000f08   0x00000018   Code   RO          467    i.MRFI_PostKillSem  mrfi.o
    0x08000f20   0x0000001a   Code   RO          468    i.MRFI_PrepareToTx  mrfi.o
    0x08000f3a   0x00000002   PAD
    0x08000f3c   0x00000018   Code   RO          469    i.MRFI_RandomByte   mrfi.o
    0x08000f54   0x00000014   Code   RO          470    i.MRFI_Receive      mrfi.o
    0x08000f68   0x00000078   Code   RO          471    i.MRFI_ReplyDelay   mrfi.o
    0x08000fe0   0x00000094   Code   RO          472    i.MRFI_Rssi         mrfi.o
    0x08001074   0x00000054   Code   RO          473    i.MRFI_RxAddrIsFiltered  mrfi.o
    0x080010c8   0x0000001a   Code   RO         1029    i.MRFI_RxCompleteISR  nwk_frame.o
    0x080010e2   0x00000002   PAD
    0x080010e4   0x00000074   Code   RO          474    i.MRFI_RxIdle       mrfi.o
    0x08001158   0x00000074   Code   RO          475    i.MRFI_RxOn         mrfi.o
    0x080011cc   0x00000010   Code   RO          476    i.MRFI_SPI_CSN_IS_HIGH  mrfi.o
    0x080011dc   0x0000000c   Code   RO          477    i.MRFI_SPI_DRIVE_CSN_HIGH  mrfi.o
    0x080011e8   0x0000000c   Code   RO          478    i.MRFI_SPI_DRIVE_CSN_LOW  mrfi.o
    0x080011f4   0x0000007c   Code   RO          479    i.MRFI_SetLogicalChannel  mrfi.o
    0x08001270   0x0000007c   Code   RO          480    i.MRFI_SetRFPwr     mrfi.o
    0x080012ec   0x00000038   Code   RO          482    i.MRFI_Sleep        mrfi.o
    0x08001324   0x000001b0   Code   RO          483    i.MRFI_Transmit     mrfi.o
    0x080014d4   0x00000044   Code   RO          484    i.MRFI_WakeUp       mrfi.o
    0x08001518   0x00000030   Code   RO          485    i.Mrfi_CalculateRssi  mrfi.o
    0x08001548   0x00000026   Code   RO          486    i.Mrfi_DelayUsec    mrfi.o
    0x0800156e   0x000000a4   Code   RO          487    i.Mrfi_DelayUsecLong  mrfi.o
    0x08001612   0x00000002   PAD
    0x08001614   0x0000004c   Code   RO          488    i.Mrfi_DelayUsecSem  mrfi.o
    0x08001660   0x00000028   Code   RO          489    i.Mrfi_RandomBackoffDelay  mrfi.o
    0x08001688   0x00000044   Code   RO          490    i.Mrfi_RxModeOff    mrfi.o
    0x080016cc   0x00000030   Code   RO          491    i.Mrfi_RxModeOn     mrfi.o
    0x080016fc   0x00000180   Code   RO          492    i.Mrfi_SyncPinRxIsr  mrfi.o
    0x0800187c   0x000000ec   Code   RO         3474    i.MsgPackage        msg.o
    0x08001968   0x00000070   Code   RO         1551    i.NVIC_Init         misc.o
    0x080019d8   0x00000014   Code   RO         1552    i.NVIC_PriorityGroupConfig  misc.o
    0x080019ec   0x00000014   Code   RO          223    i.PDInit_GetSysTick  bsp.o
    0x08001a00   0x0000004c   Code   RO          178    i.ProMsg            ap_main.o
    0x08001a4c   0x00000020   Code   RO         1780    i.RCC_AHBPeriphClockCmd  stm32f10x_rcc.o
    0x08001a6c   0x00000020   Code   RO         1781    i.RCC_APB1PeriphClockCmd  stm32f10x_rcc.o
    0x08001a8c   0x00000020   Code   RO         1782    i.RCC_APB1PeriphResetCmd  stm32f10x_rcc.o
    0x08001aac   0x00000020   Code   RO         1783    i.RCC_APB2PeriphClockCmd  stm32f10x_rcc.o
    0x08001acc   0x00000020   Code   RO         1784    i.RCC_APB2PeriphResetCmd  stm32f10x_rcc.o
    0x08001aec   0x00000070   Code   RO          224    i.RCC_Configuration  bsp.o
    0x08001b5c   0x0000004c   Code   RO         1790    i.RCC_DeInit        stm32f10x_rcc.o
    0x08001ba8   0x000000d4   Code   RO         1791    i.RCC_GetClocksFreq  stm32f10x_rcc.o
    0x08001c7c   0x0000003c   Code   RO         1792    i.RCC_GetFlagStatus  stm32f10x_rcc.o
    0x08001cb8   0x00000010   Code   RO         1794    i.RCC_GetSYSCLKSource  stm32f10x_rcc.o
    0x08001cc8   0x00000018   Code   RO         1795    i.RCC_HCLKConfig    stm32f10x_rcc.o
    0x08001ce0   0x0000004c   Code   RO         1796    i.RCC_HSEConfig     stm32f10x_rcc.o
    0x08001d2c   0x0000000c   Code   RO         1800    i.RCC_LSICmd        stm32f10x_rcc.o
    0x08001d38   0x00000018   Code   RO         1802    i.RCC_PCLK1Config   stm32f10x_rcc.o
    0x08001d50   0x00000018   Code   RO         1803    i.RCC_PCLK2Config   stm32f10x_rcc.o
    0x08001d68   0x0000000c   Code   RO         1804    i.RCC_PLLCmd        stm32f10x_rcc.o
    0x08001d74   0x0000001c   Code   RO         1805    i.RCC_PLLConfig     stm32f10x_rcc.o
    0x08001d90   0x00000018   Code   RO         1808    i.RCC_SYSCLKConfig  stm32f10x_rcc.o
    0x08001da8   0x00000038   Code   RO         1810    i.RCC_WaitForHSEStartUp  stm32f10x_rcc.o
    0x08001de0   0x00000038   Code   RO          957    i.SMPL_Init         nwk_api.o
    0x08001e18   0x00000114   Code   RO          958    i.SMPL_Ioctl        nwk_api.o
    0x08001f2c   0x00000068   Code   RO          960    i.SMPL_LinkListen   nwk_api.o
    0x08001f94   0x00000048   Code   RO          962    i.SMPL_Receive      nwk_api.o
    0x08001fdc   0x00000112   Code   RO          964    i.SMPL_SendOpt      nwk_api.o
    0x080020ee   0x00000018   Code   RO         1986    i.SPI_Cmd           stm32f10x_spi.o
    0x08002106   0x0000003c   Code   RO         1999    i.SPI_Init          stm32f10x_spi.o
    0x08002142   0x0000005a   Code   RO         3575    i.Search_SubArray   commonuse.o
    0x0800219c   0x00000022   Code   RO         3199    i.SerachKeyWord     sim900a_gprs.o
    0x080021be   0x00000002   PAD
    0x080021c0   0x00000038   Code   RO         3505    i.Serial_PutData    gprs_serial.o
    0x080021f8   0x00000030   Code   RO         3506    i.Serial_PutString  gprs_serial.o
    0x08002228   0x00000008   Code   RO         1508    i.SetSysClock       system_stm32f10x.o
    0x08002230   0x000000e0   Code   RO         1509    i.SetSysClockTo72   system_stm32f10x.o
    0x08002310   0x00000078   Code   RO         3200    i.Sim900aATE        sim900a_gprs.o
    0x08002388   0x0000003c   Code   RO         3201    i.Sim900aATtest     sim900a_gprs.o
    0x080023c4   0x00000048   Code   RO         3202    i.Sim900aAck_ok     sim900a_gprs.o
    0x0800240c   0x00000108   Code   RO         3203    i.Sim900aCREG       sim900a_gprs.o
    0x08002514   0x000000b4   Code   RO         3204    i.Sim900aCardCheck  sim900a_gprs.o
    0x080025c8   0x000000bc   Code   RO         3205    i.Sim900aClose      sim900a_gprs.o
    0x08002684   0x0000001a   Code   RO         3206    i.Sim900aCmd        sim900a_gprs.o
    0x0800269e   0x00000008   Code   RO         3207    i.Sim900aGetConnectStatus  sim900a_gprs.o
    0x080026a6   0x00000002   PAD
    0x080026a8   0x000000a0   Code   RO         3209    i.Sim900aGetSignal  sim900a_gprs.o
    0x08002748   0x00000032   Code   RO         3210    i.Sim900aGprsRead   sim900a_gprs.o
    0x0800277a   0x000000bc   Code   RO         3211    i.Sim900aGprsRecv   sim900a_gprs.o
    0x08002836   0x00000002   PAD
    0x08002838   0x0000013c   Code   RO         3212    i.Sim900aGprsWrite  sim900a_gprs.o
    0x08002974   0x00000194   Code   RO         3213    i.Sim900aIPStatus   sim900a_gprs.o
    0x08002b08   0x0000000c   Code   RO         3214    i.Sim900aInit       sim900a_gprs.o
    0x08002b14   0x0000004e   Code   RO         3215    i.Sim900aOpen       sim900a_gprs.o
    0x08002b62   0x00000002   PAD
    0x08002b64   0x00000060   Code   RO         3216    i.Sim900aPowerOn    sim900a_gprs.o
    0x08002bc4   0x0000003c   Code   RO         3217    i.Sim900aReset      sim900a_gprs.o
    0x08002c00   0x00000034   Code   RO         3218    i.Sim900aSendAck    sim900a_gprs.o
    0x08002c34   0x00000074   Code   RO         3219    i.Sim900aTcpClose   sim900a_gprs.o
    0x08002ca8   0x000001f4   Code   RO         3220    i.Sim900aTcpConfig  sim900a_gprs.o
    0x08002e9c   0x00000244   Code   RO         3221    i.Sim900aTcpConnect  sim900a_gprs.o
    0x080030e0   0x0000007c   Code   RO         3222    i.Sim900aTcpShut    sim900a_gprs.o
    0x0800315c   0x00000028   Code   RO         1555    i.SysTick_CLKSourceConfig  misc.o
    0x08003184   0x00000044   Code   RO          433    i.Sys_delay_init    delay.o
    0x080031c8   0x0000004c   Code   RO          434    i.Sys_delay_ms      delay.o
    0x08003214   0x00000060   Code   RO         1511    i.SystemInit        system_stm32f10x.o
    0x08003274   0x00000024   Code   RO          225    i.TIM2_IRQHandler   bsp.o
    0x08003298   0x00000028   Code   RO         3507    i.TIM4_IRQHandler   gprs_serial.o
    0x080032c0   0x0000006c   Code   RO         3508    i.TIM4_Init         gprs_serial.o
    0x0800332c   0x00000028   Code   RO         3509    i.TIM4_Set          gprs_serial.o
    0x08003354   0x00000006   Code   RO         2358    i.TIM_ClearITPendingBit  stm32f10x_tim.o
    0x0800335a   0x00000018   Code   RO         2363    i.TIM_Cmd           stm32f10x_tim.o
    0x08003372   0x00000002   PAD
    0x08003374   0x000001e8   Code   RO         2368    i.TIM_DeInit        stm32f10x_tim.o
    0x0800355c   0x00000022   Code   RO         2384    i.TIM_GetITStatus   stm32f10x_tim.o
    0x0800357e   0x00000012   Code   RO         2388    i.TIM_ITConfig      stm32f10x_tim.o
    0x08003590   0x0000000c   Code   RO         2390    i.TIM_InternalClockConfig  stm32f10x_tim.o
    0x0800359c   0x00000004   Code   RO         2428    i.TIM_SetCounter    stm32f10x_tim.o
    0x080035a0   0x000000a4   Code   RO         2434    i.TIM_TimeBaseInit  stm32f10x_tim.o
    0x08003644   0x000000e0   Code   RO         3510    i.USART3_IRQHandler  gprs_serial.o
    0x08003724   0x0000001e   Code   RO         2126    i.USART_ClearITPendingBit  stm32f10x_usart.o
    0x08003742   0x00000018   Code   RO         2129    i.USART_Cmd         stm32f10x_usart.o
    0x0800375a   0x00000012   Code   RO         2130    i.USART_DMACmd      stm32f10x_usart.o
    0x0800376c   0x0000009c   Code   RO         2131    i.USART_DeInit      stm32f10x_usart.o
    0x08003808   0x0000001a   Code   RO         2132    i.USART_GetFlagStatus  stm32f10x_usart.o
    0x08003822   0x00000054   Code   RO         2133    i.USART_GetITStatus  stm32f10x_usart.o
    0x08003876   0x0000004a   Code   RO         2135    i.USART_ITConfig    stm32f10x_usart.o
    0x080038c0   0x000000d8   Code   RO         2136    i.USART_Init        stm32f10x_usart.o
    0x08003998   0x0000000a   Code   RO         2143    i.USART_ReceiveData  stm32f10x_usart.o
    0x080039a2   0x00000008   Code   RO         2146    i.USART_SendData    stm32f10x_usart.o
    0x080039aa   0x00000002   PAD
    0x080039ac   0x00000010   Code   RO         3677    i.__0printf$bare    mc_w.l(printfb.o)
    0x080039bc   0x00000118   Code   RO          226    i.__bsp_ASSERT      bsp.o
    0x08003ad4   0x00000024   Code   RO          227    i.__bsp_debug       bsp.o
    0x08003af8   0x00000052   Code   RO          228    i.__bsp_debug_dec   bsp.o
    0x08003b4a   0x00000016   Code   RO          232    i.__bsp_debug_msg   bsp.o
    0x08003b60   0x00000018   Code   RO          233    i.__bsp_debug_msg_ln  bsp.o
    0x08003b78   0x0000005c   Code   RO          493    i.__mrfi_GDO0_INIT  mrfi.o
    0x08003bd4   0x00000010   Code   RO          494    i.__mrfi_SPI_IS_INITIALIZED  mrfi.o
    0x08003be4   0x0000001c   Code   RO          495    i.__mrfi_SPI_READ_BYTE  mrfi.o
    0x08003c00   0x00000014   Code   RO          496    i.__mrfi_SPI_WAIT_DONE  mrfi.o
    0x08003c14   0x0000002c   Code   RO          497    i.__mrfi_SPI_WRITE_BYTE  mrfi.o
    0x08003c40   0x0000000e   Code   RO         3978    i.__scatterload_copy  mc_w.l(handlers.o)
    0x08003c4e   0x00000002   Code   RO         3979    i.__scatterload_null  mc_w.l(handlers.o)
    0x08003c50   0x0000000e   Code   RO         3980    i.__scatterload_zeroinit  mc_w.l(handlers.o)
    0x08003c5e   0x00000022   Code   RO         3684    i._printf_core      mc_w.l(printfb.o)
    0x08003c80   0x00000068   Code   RO          498    i.createRandomAddress  mrfi.o
    0x08003ce8   0x00000134   Code   RO         1030    i.dispatchFrame     nwk_frame.o
    0x08003e1c   0x0000000e   Code   RO          235    i.fputc             bsp.o
    0x08003e2a   0x00000002   PAD
    0x08003e2c   0x00000008   Code   RO         1270    i.generateLinkToken  nwk_join.o
    0x08003e34   0x0000002a   Code   RO          236    i.gpioPinConfig     bsp.o
    0x08003e5e   0x0000001e   Code   RO          238    i.gpioPinIn         bsp.o
    0x08003e7c   0x0000000e   Code   RO          240    i.gpioPinMask       bsp.o
    0x08003e8a   0x00000002   PAD
    0x08003e8c   0x00000014   Code   RO          242    i.gpioPort          bsp.o
    0x08003ea0   0x00000018   Code   RO         3223    i.gprs_DelayMs      sim900a_gprs.o
    0x08003eb8   0x00000024   Code   RO         1271    i.handleJoinRequest  nwk_join.o
    0x08003edc   0x00000048   Code   RO         1335    i.handleLinkRequest  nwk_link.o
    0x08003f24   0x00000018   Code   RO         1442    i.handlePingRequest  nwk_ping.o
    0x08003f3c   0x00000040   Code   RO          800    i.initializeConnection  nwk.o
    0x08003f7c   0x0000001a   Code   RO          966    i.ioctlPreInitAccessIsOK  nwk_api.o
    0x08003f96   0x00000072   Code   RO         1031    i.isDupSandFFrame   nwk_frame.o
    0x08004008   0x0000001c   Code   RO          179    i.main              ap_main.o
    0x08004024   0x00000030   Code   RO          801    i.map_lid2idx       nwk.o
    0x08004054   0x00000090   Code   RO          499    i.mrfiSpiCmdStrobe  mrfi.o
    0x080040e4   0x00000038   Code   RO          500    i.mrfiSpiInit       mrfi.o
    0x0800411c   0x00000068   Code   RO          501    i.mrfiSpiReadReg    mrfi.o
    0x08004184   0x00000016   Code   RO          502    i.mrfiSpiReadRxFifo  mrfi.o
    0x0800419a   0x00000002   PAD
    0x0800419c   0x00000068   Code   RO          503    i.mrfiSpiWriteReg   mrfi.o
    0x08004204   0x00000012   Code   RO          504    i.mrfiSpiWriteTxFifo  mrfi.o
    0x08004216   0x00000002   PAD
    0x08004218   0x00000010   Code   RO          505    i.mrfi_TxCCADone    mrfi.o
    0x08004228   0x00000010   Code   RO          506    i.mrfi_TxImmediateDone  mrfi.o
    0x08004238   0x00000154   Code   RO            3    i.mrfi_loop         main_ap_async_listen_autoack.o
    0x0800438c   0x00000044   Code   RO            4    i.mrif_config       main_ap_async_listen_autoack.o
    0x080043d0   0x00000006   Code   RO          802    i.nwk_NVObj         nwk.o
    0x080043d6   0x00000002   PAD
    0x080043d8   0x00000020   Code   RO         1172    i.nwk_QInit         nwk_qmgmt.o
    0x080043f8   0x00000050   Code   RO         1173    i.nwk_QadjustOrder  nwk_qmgmt.o
    0x08004448   0x00000154   Code   RO         1174    i.nwk_QfindOldest   nwk_qmgmt.o
    0x0800459c   0x0000009c   Code   RO         1175    i.nwk_QfindSlot     nwk_qmgmt.o
    0x08004638   0x000000e0   Code   RO         1032    i.nwk_SendEmptyPollRspFrame  nwk_frame.o
    0x08004718   0x000000e8   Code   RO          803    i.nwk_allocateLocalRxPort  nwk.o
    0x08004800   0x0000003a   Code   RO         1033    i.nwk_buildAckReqFrame  nwk_frame.o
    0x0800483a   0x00000002   PAD
    0x0800483c   0x000000c8   Code   RO         1034    i.nwk_buildFrame    nwk_frame.o
    0x08004904   0x00000024   Code   RO          804    i.nwk_checkAppMsgTID  nwk.o
    0x08004928   0x00000022   Code   RO          805    i.nwk_checkConnInfo  nwk.o
    0x0800494a   0x00000030   Code   RO         1228    i.nwk_connectionControl  nwk_ioctl.o
    0x0800497a   0x00000028   Code   RO         1229    i.nwk_deviceAddress  nwk_ioctl.o
    0x080049a2   0x00000002   PAD
    0x080049a4   0x00000038   Code   RO          807    i.nwk_findAlreadyJoined  nwk.o
    0x080049dc   0x00000040   Code   RO          808    i.nwk_findPeer      nwk.o
    0x08004a1c   0x00000040   Code   RO         1035    i.nwk_frameInit     nwk_frame.o
    0x08004a5c   0x00000006   Code   RO          809    i.nwk_freeConnection  nwk.o
    0x08004a62   0x00000002   Code   RO         1210    i.nwk_freqInit      nwk_freq.o
    0x08004a64   0x00000008   Code   RO         1116    i.nwk_getBCastAddress  nwk_globals.o
    0x08004a6c   0x0000003c   Code   RO          810    i.nwk_getConnInfo   nwk.o
    0x08004aa8   0x00000008   Code   RO         1117    i.nwk_getFWVersion  nwk_globals.o
    0x08004ab0   0x00000010   Code   RO         1272    i.nwk_getJoinToken  nwk_join.o
    0x08004ac0   0x00000010   Code   RO         1336    i.nwk_getLinkToken  nwk_link.o
    0x08004ad0   0x00000064   Code   RO         1337    i.nwk_getLocalLinkID  nwk_link.o
    0x08004b34   0x0000001c   Code   RO         1118    i.nwk_getMyAddress  nwk_globals.o
    0x08004b50   0x0000000c   Code   RO         1036    i.nwk_getMyRxType   nwk_frame.o
    0x08004b5c   0x00000048   Code   RO          811    i.nwk_getNextConnection  nwk.o
    0x08004ba4   0x0000002c   Code   RO          812    i.nwk_getNumObjectFromMsg  nwk.o
    0x08004bd0   0x0000000c   Code   RO         1119    i.nwk_getProtocolVersion  nwk_globals.o
    0x08004bdc   0x00000018   Code   RO         1176    i.nwk_getQ          nwk_qmgmt.o
    0x08004bf4   0x00000008   Code   RO          813    i.nwk_getSFInfoPtr  nwk.o
    0x08004bfc   0x00000070   Code   RO         1037    i.nwk_getSandFFrame  nwk_frame.o
    0x08004c6c   0x0000002c   Code   RO         1120    i.nwk_globalsInit   nwk_globals.o
    0x08004c98   0x0000008c   Code   RO          814    i.nwk_isConnectionValid  nwk.o
    0x08004d24   0x00000040   Code   RO          815    i.nwk_isLinkDuplicate  nwk.o
    0x08004d64   0x00000040   Code   RO         1273    i.nwk_isSandFClient  nwk_join.o
    0x08004da4   0x00000048   Code   RO          816    i.nwk_isValidReply  nwk.o
    0x08004dec   0x00000004   Code   RO         1274    i.nwk_join          nwk_join.o
    0x08004df0   0x00000018   Code   RO         1230    i.nwk_joinContext   nwk_ioctl.o
    0x08004e08   0x00000050   Code   RO         1275    i.nwk_joinInit      nwk_join.o
    0x08004e58   0x00000038   Code   RO         1339    i.nwk_linkInit      nwk_link.o
    0x08004e90   0x0000001c   Code   RO         1406    i.nwk_mgmtInit      nwk_mgmt.o
    0x08004eac   0x00000088   Code   RO          817    i.nwk_nwkInit       nwk.o
    0x08004f34   0x00000010   Code   RO         1444    i.nwk_pingInit      nwk_ping.o
    0x08004f44   0x00000006   Code   RO         1211    i.nwk_processFreq   nwk_freq.o
    0x08004f4a   0x00000002   PAD
    0x08004f4c   0x00000044   Code   RO         1276    i.nwk_processJoin   nwk_join.o
    0x08004f90   0x00000038   Code   RO         1340    i.nwk_processLink   nwk_link.o
    0x08004fc8   0x00000050   Code   RO         1407    i.nwk_processMgmt   nwk_mgmt.o
    0x08005018   0x00000038   Code   RO         1445    i.nwk_processPing   nwk_ping.o
    0x08005050   0x00000006   Code   RO         1490    i.nwk_processSecurity  nwk_security.o
    0x08005056   0x00000040   Code   RO          818    i.nwk_putNumObjectIntoMsg  nwk.o
    0x08005096   0x0000009c   Code   RO         1231    i.nwk_radioControl  nwk_ioctl.o
    0x08005132   0x00000024   Code   RO         1232    i.nwk_rawReceive    nwk_ioctl.o
    0x08005156   0x00000048   Code   RO         1233    i.nwk_rawSend       nwk_ioctl.o
    0x0800519e   0x00000038   Code   RO         1038    i.nwk_replayFrame   nwk_frame.o
    0x080051d6   0x00000002   PAD
    0x080051d8   0x0000000c   Code   RO         1408    i.nwk_resetSFMarker  nwk_mgmt.o
    0x080051e4   0x0000009a   Code   RO         1039    i.nwk_retrieveFrame  nwk_frame.o
    0x0800527e   0x00000002   PAD
    0x08005280   0x00000054   Code   RO          819    i.nwk_saveJoinedDevice  nwk.o
    0x080052d4   0x00000002   Code   RO         1491    i.nwk_securityInit  nwk_security.o
    0x080052d6   0x00000002   PAD
    0x080052d8   0x000000dc   Code   RO         1040    i.nwk_sendAckReply  nwk_frame.o
    0x080053b4   0x00000034   Code   RO         1041    i.nwk_sendFrame     nwk_frame.o
    0x080053e8   0x00000014   Code   RO         1277    i.nwk_setJoinContext  nwk_join.o
    0x080053fc   0x0000000c   Code   RO         1278    i.nwk_setJoinToken  nwk_join.o
    0x08005408   0x0000000c   Code   RO         1341    i.nwk_setLinkToken  nwk_link.o
    0x08005414   0x00000014   Code   RO         1342    i.nwk_setListenContext  nwk_link.o
    0x08005428   0x00000024   Code   RO         1122    i.nwk_setMyAddress  nwk_globals.o
    0x0800544c   0x00000030   Code   RO            6    i.sCB               main_ap_async_listen_autoack.o
    0x0800547c   0x0000008c   Code   RO         1409    i.send_poll_reply   nwk_mgmt.o
    0x08005508   0x000000ec   Code   RO         1279    i.smpl_send_join_reply  nwk_join.o
    0x080055f4   0x0000016c   Code   RO         1344    i.smpl_send_link_reply  nwk_link.o
    0x08005760   0x00000018   Code   RO         1410    i.smpl_send_mgmt_reply  nwk_mgmt.o
    0x08005778   0x00000034   Code   RO         1446    i.smpl_send_ping_reply  nwk_ping.o
    0x080057ac   0x0000004c   Code   RO         1345    i.smpl_send_unlink_reply  nwk_link.o
    0x080057f8   0x000000e0   Code   RO          507    i.spiBurstFifoAccess  mrfi.o
    0x080058d8   0x00000088   Code   RO          508    i.spiRegAccess      mrfi.o
    0x08005960   0x00000030   Code   RO            7    i.toggleLED         main_ap_async_listen_autoack.o
    0x08005990   0x000000d4   Code   RO         3449    i.vGprsConnectTask  gprs_main.o
    0x08005a64   0x00000180   Code   RO         3224    i.vGprsReceiveTask  sim900a_gprs.o
    0x08005be4   0x00000015   Data   RO          243    .constdata          bsp.o
    0x08005bf9   0x00000120   Data   RO          510    .constdata          mrfi.o
    0x08005d19   0x00000003   PAD
    0x08005d1c   0x00000018   Data   RO         1042    .constdata          nwk_frame.o
    0x08005d34   0x00000009   Data   RO         1123    .constdata          nwk_globals.o
    0x08005d3d   0x00000010   Data   RO         1811    .constdata          stm32f10x_rcc.o
    0x08005d4d   0x00000200   Data   RO         3608    .constdata          encryption.o
    0x08005f4d   0x00000003   PAD
    0x08005f50   0x00000020   Data   RO         3976    Region$$Table       anon$$obj.o


    Execution Region RW_IRAM1 (Base: 0x20000000, Size: 0x00000e80, Max: 0x00002000, ABSOLUTE)

    Base Addr    Size         Type   Attr      Idx    E Section Name        Object

    0x20000000   0x00000014   Data   RW            9    .data               main_ap_async_listen_autoack.o
    0x20000014   0x00000005   Data   RW          244    .data               bsp.o
    0x20000019   0x00000001   PAD
    0x2000001a   0x00000004   Data   RW          436    .data               delay.o
    0x2000001e   0x0000000f   Data   RW          511    .data               mrfi.o
    0x2000002d   0x00000081   Data   RW          820    .data               nwk.o
    0x200000ae   0x00000001   Data   RW          967    .data               nwk_api.o
    0x200000af   0x00000001   PAD
    0x200000b0   0x00000010   Data   RW         1043    .data               nwk_frame.o
    0x200000c0   0x00000009   Data   RW         1124    .data               nwk_globals.o
    0x200000c9   0x00000003   PAD
    0x200000cc   0x00000011   Data   RW         1280    .data               nwk_join.o
    0x200000dd   0x00000003   PAD
    0x200000e0   0x0000000f   Data   RW         1346    .data               nwk_link.o
    0x200000ef   0x00000004   Data   RW         1411    .data               nwk_mgmt.o
    0x200000f3   0x00000001   Data   RW         1447    .data               nwk_ping.o
    0x200000f4   0x00000004   Data   RW         1513    .data               system_stm32f10x.o
    0x200000f8   0x00000004   Data   RW         1812    .data               stm32f10x_rcc.o
    0x200000fc   0x00000005   Data   RW         3226    .data               sim900a_gprs.o
    0x20000101   0x00000003   PAD
    0x20000104   0x0000000c   Data   RW         3451    .data               gprs_main.o
    0x20000110   0x00000001   Data   RW         3476    .data               msg.o
    0x20000111   0x00000003   PAD
    0x20000114   0x00000004   Data   RW         3950    .data               mc_w.l(stdout.o)
    0x20000118   0x000000d8   Zero   RW            8    .bss                main_ap_async_listen_autoack.o
    0x200001f0   0x00000104   Zero   RW          180    .bss                ap_main.o
    0x200002f4   0x00000030   Zero   RW          509    .bss                mrfi.o
    0x20000324   0x00000190   Zero   RW         1177    .bss                nwk_qmgmt.o
    0x200004b4   0x000000b4   Zero   RW         3225    .bss                sim900a_gprs.o
    0x20000568   0x000000d8   Zero   RW         3450    .bss                gprs_main.o
    0x20000640   0x0000003c   Zero   RW         3627    .bss                savepartoflash.o
    0x2000067c   0x00000004   PAD
    0x20000680   0x00000800   Zero   RW         1543    STACK               startup_stm32f10x_xl.o


==============================================================================

Image component sizes


      Code (inc. data)   RO Data    RW Data    ZI Data      Debug   Object Name

       104          6          0          0        260       3026   ap_main.o
      1444        214         21          5          0      52312   bsp.o
        90          0          0          0          0       1406   commonuse.o
       144         22          0          4          0       1416   delay.o
        72         10        512          0          0       1769   encryption.o
       212         18          0         12        216       1019   gprs_main.o
       848         56          0          0          0       6140   gprs_serial.o
       504         58          0         20        216     262812   main_ap_async_listen_autoack.o
       172         22          0          0          0       2549   misc.o
      4304       1126        288         15         48      47705   mrfi.o
       236          8          0          1          0       1675   msg.o
      1290         60          0        129          0      15442   nwk.o
       808         20          0          1          0       6573   nwk_api.o
      1600         82         24         16          0      11502   nwk_frame.o
         8          0          0          0          0       1949   nwk_freq.o
       136         54          9          9          0       4546   nwk_globals.o
       376          0          0          0          0       5552   nwk_ioctl.o
       544         70          0         17          0       8055   nwk_join.o
       772         70          0         15          0       7695   nwk_link.o
       284         22          0          4          0       4473   nwk_mgmt.o
       148         10          0          1          0       3653   nwk_ping.o
       632         38          0          0        400       5776   nwk_qmgmt.o
         8          0          0          0          0       1889   nwk_security.o
        32          6          0          0         60       1598   savepartoflash.o
      4478        788          0          5        180      31637   sim900a_gprs.o
        36          8        304          0       2048       1004   startup_stm32f10x_xl.o
        40         16          0          0          0       1809   stm32f10x_crc.o
        32          6          0          0          0        672   stm32f10x_dbgmcu.o
       428          8          0          0          0      15244   stm32f10x_dma.o
       148          6          0          0          0       1244   stm32f10x_exti.o
       368          4          0          0          0       4970   stm32f10x_gpio.o
       804        116         16          4          0      15004   stm32f10x_rcc.o
        84          0          0          0          0       2509   stm32f10x_spi.o
       750        106          0          0          0       6438   stm32f10x_tim.o
       646         28          0          0          0       9233   stm32f10x_usart.o
       328         28          0          4          0       2725   system_stm32f10x.o

    ----------------------------------------------------------------------
     22956       3086       1212        276       3432     553021   Object Totals
         0          0         32          0          0          0   (incl. Generated)
        46          0          6         14          4          0   (incl. Padding)

    ----------------------------------------------------------------------

      Code (inc. data)   RO Data    RW Data    ZI Data      Debug   Library Member Name

         0          0          0          0          0          0   entry.o
         0          0          0          0          0          0   entry10a.o
         0          0          0          0          0          0   entry11a.o
         8          4          0          0          0          0   entry2.o
         4          0          0          0          0          0   entry5.o
         0          0          0          0          0          0   entry7b.o
         0          0          0          0          0          0   entry8b.o
         8          4          0          0          0          0   entry9a.o
        30          0          0          0          0          0   handlers.o
        36          8          0          0          0         68   init.o
        26          0          0          0          0         80   memcmp.o
        64          0          0          0          0         76   memmovea.o
        36          0          0          0          0        108   memseta.o
        50          8          0          0          0        152   printfb.o
         0          0          0          4          0          0   stdout.o

    ----------------------------------------------------------------------
       264         24          0          4          0        484   Library Totals
         2          0          0          0          0          0   (incl. Padding)

    ----------------------------------------------------------------------

      Code (inc. data)   RO Data    RW Data    ZI Data      Debug   Library Name

       262         24          0          4          0        484   mc_w.l

    ----------------------------------------------------------------------
       264         24          0          4          0        484   Library Totals

    ----------------------------------------------------------------------

==============================================================================


      Code (inc. data)   RO Data    RW Data    ZI Data      Debug   

     23220       3110       1212        280       3432     539565   Grand Totals
     23220       3110       1212        280       3432     539565   ELF Image Totals
     23220       3110       1212        280          0          0   ROM Totals

==============================================================================

    Total RO  Size (Code + RO Data)                24432 (  23.86kB)
    Total RW  Size (RW Data + ZI Data)              3712 (   3.63kB)
    Total ROM Size (Code + RO Data + RW Data)      24712 (  24.13kB)

==============================================================================

